###############################################################################
#
# IAR ELF Linker V7.40.2.8542/W32 for ARM                 20/Jul/2015  21:57:02
# Copyright 2007-2015 IAR Systems AB.
#
#    Output file  =  
#        D:\_WORK\GitHub\uIP_ENC28J60\IAR_EW6.7\EWARM\TIM_TimeBase\Exe\TIM_TimeBase.out
#    Map file     =  
#        D:\_WORK\GitHub\uIP_ENC28J60\IAR_EW6.7\EWARM\TIM_TimeBase\List\TIM_TimeBase.map
#    Command line =  
#        D:\_WORK\GitHub\uIP_ENC28J60\IAR_EW6.7\EWARM\TIM_TimeBase\Obj\config.o
#        D:\_WORK\GitHub\uIP_ENC28J60\IAR_EW6.7\EWARM\TIM_TimeBase\Obj\delay.o
#        D:\_WORK\GitHub\uIP_ENC28J60\IAR_EW6.7\EWARM\TIM_TimeBase\Obj\errors.o
#        D:\_WORK\GitHub\uIP_ENC28J60\IAR_EW6.7\EWARM\TIM_TimeBase\Obj\macphy.o
#        D:\_WORK\GitHub\uIP_ENC28J60\IAR_EW6.7\EWARM\TIM_TimeBase\Obj\main.o
#        D:\_WORK\GitHub\uIP_ENC28J60\IAR_EW6.7\EWARM\TIM_TimeBase\Obj\serial.o
#        D:\_WORK\GitHub\uIP_ENC28J60\IAR_EW6.7\EWARM\TIM_TimeBase\Obj\startup_stm32f0xx.o
#        D:\_WORK\GitHub\uIP_ENC28J60\IAR_EW6.7\EWARM\TIM_TimeBase\Obj\stm32f0xx_dac.o
#        D:\_WORK\GitHub\uIP_ENC28J60\IAR_EW6.7\EWARM\TIM_TimeBase\Obj\stm32f0xx_dma.o
#        D:\_WORK\GitHub\uIP_ENC28J60\IAR_EW6.7\EWARM\TIM_TimeBase\Obj\stm32f0xx_gpio.o
#        D:\_WORK\GitHub\uIP_ENC28J60\IAR_EW6.7\EWARM\TIM_TimeBase\Obj\stm32f0xx_it.o
#        D:\_WORK\GitHub\uIP_ENC28J60\IAR_EW6.7\EWARM\TIM_TimeBase\Obj\stm32f0xx_misc.o
#        D:\_WORK\GitHub\uIP_ENC28J60\IAR_EW6.7\EWARM\TIM_TimeBase\Obj\stm32f0xx_rcc.o
#        D:\_WORK\GitHub\uIP_ENC28J60\IAR_EW6.7\EWARM\TIM_TimeBase\Obj\stm32f0xx_spi.o
#        D:\_WORK\GitHub\uIP_ENC28J60\IAR_EW6.7\EWARM\TIM_TimeBase\Obj\stm32f0xx_syscfg.o
#        D:\_WORK\GitHub\uIP_ENC28J60\IAR_EW6.7\EWARM\TIM_TimeBase\Obj\stm32f0xx_tim.o
#        D:\_WORK\GitHub\uIP_ENC28J60\IAR_EW6.7\EWARM\TIM_TimeBase\Obj\stm32f0xx_usart.o
#        D:\_WORK\GitHub\uIP_ENC28J60\IAR_EW6.7\EWARM\TIM_TimeBase\Obj\string.o
#        D:\_WORK\GitHub\uIP_ENC28J60\IAR_EW6.7\EWARM\TIM_TimeBase\Obj\system_stm32f0xx.o
#        D:\_WORK\GitHub\uIP_ENC28J60\IAR_EW6.7\EWARM\TIM_TimeBase\Obj\timeout.o
#        D:\_WORK\GitHub\uIP_ENC28J60\IAR_EW6.7\EWARM\TIM_TimeBase\Obj\timer.o
#        D:\_WORK\GitHub\uIP_ENC28J60\IAR_EW6.7\EWARM\TIM_TimeBase\Obj\uip.o
#        D:\_WORK\GitHub\uIP_ENC28J60\IAR_EW6.7\EWARM\TIM_TimeBase\Obj\uip_arp.o
#        --redirect _Printf=_PrintfSmall --redirect _Scanf=_ScanfSmall -o
#        D:\_WORK\GitHub\uIP_ENC28J60\IAR_EW6.7\EWARM\TIM_TimeBase\Exe\TIM_TimeBase.out
#        --map
#        D:\_WORK\GitHub\uIP_ENC28J60\IAR_EW6.7\EWARM\TIM_TimeBase\List\TIM_TimeBase.map
#        --config
#        D:\_WORK\GitHub\uIP_ENC28J60\IAR_EW6.7\EWARM\stm32f0xx_flash.icf
#        --semihosting --entry __iar_program_start --vfe
#
###############################################################################

*******************************************************************************
*** RUNTIME MODEL ATTRIBUTES
***

CppFlavor       = *
__SystemLibrary = DLib


*******************************************************************************
*** PLACEMENT SUMMARY
***

"A1":  place at 0x08000000 { ro section .intvec };
"P1":  place in [from 0x08000000 to 0x0800ffff] { ro };
"P2":  place in [from 0x20000000 to 0x20001fff] { rw, block CSTACK, block HEAP };

  Section            Kind        Address    Size  Object
  -------            ----        -------    ----  ------
"A1":                                       0xc0
  .intvec            ro code  0x08000000    0xc0  startup_stm32f0xx.o [1]
                            - 0x080000c0    0xc0

"P1":                                     0x2934
  .text              ro code  0x080000c0   0xa10  uip.o [1]
  .text              ro code  0x08000ad0    0x54  ABImemset.o [4]
  .text              ro code  0x08000b24   0x5e0  main.o [1]
  .text              ro code  0x08001104   0x3c6  config.o [1]
  .text              ro code  0x080014ca    0x2a  zero_init3.o [4]
  .text              ro code  0x080014f4   0x158  system_stm32f0xx.o [1]
  .text              ro code  0x0800164c    0x18  errors.o [1]
  .text              ro code  0x08001664   0x160  serial.o [1]
  .text              ro code  0x080017c4   0x430  macphy.o [1]
  .text              ro code  0x08001bf4    0x32  timer.o [1]
  .text              ro code  0x08001c26     0x2  startup_stm32f0xx.o [1]
  .text              ro code  0x08001c28   0x2f8  uip_arp.o [1]
  .text              ro code  0x08001f20   0x1a6  stm32f0xx_usart.o [1]
  .text              ro code  0x080020c6     0x2  startup_stm32f0xx.o [1]
  .text              ro code  0x080020c8   0x1a4  stm32f0xx_rcc.o [1]
  .text              ro code  0x0800226c    0x8a  stm32f0xx_gpio.o [1]
  .text              ro code  0x080022f6     0x2  startup_stm32f0xx.o [1]
  .text              ro code  0x080022f8    0x54  stm32f0xx_misc.o [1]
  .text              ro code  0x0800234c    0xe8  stm32f0xx_tim.o [1]
  .text              ro code  0x08002434    0xac  stm32f0xx_spi.o [1]
  .text              ro code  0x080024e0    0xe0  I32DivModFast.o [4]
  .text              ro code  0x080025c0     0x2  IntDivZer.o [4]
  .text              ro code  0x080025c2     0x2  startup_stm32f0xx.o [1]
  .text              ro code  0x080025c4   0x2c8  stm32f0xx_it.o [1]
  .text              ro code  0x0800288c    0x30  copy_init3.o [4]
  .text              ro code  0x080028bc    0x28  data_init.o [4]
  .iar.init_table    const    0x080028e4    0x24  - Linker created -
  .text              ro code  0x08002908    0x1a  cmain.o [4]
  .text              ro code  0x08002922     0x4  low_level_init.o [3]
  .text              ro code  0x08002926     0x8  exit.o [3]
  .text              ro code  0x0800292e     0x2  startup_stm32f0xx.o [1]
  .text              ro code  0x08002930     0xa  cexit.o [4]
  .text              ro code  0x0800293a     0x2  startup_stm32f0xx.o [1]
  .text              ro code  0x0800293c    0x14  exit.o [5]
  .text              ro code  0x08002950    0x10  startup_stm32f0xx.o [1]
  .text              ro code  0x08002960     0xc  cstartup_M.o [4]
  .text              ro code  0x0800296c     0x2  startup_stm32f0xx.o [1]
  .text              ro code  0x0800296e     0x2  startup_stm32f0xx.o [1]
  .text              ro code  0x08002970     0x2  startup_stm32f0xx.o [1]
  .text              ro code  0x08002972     0x2  startup_stm32f0xx.o [1]
  .text              ro code  0x08002974     0x2  startup_stm32f0xx.o [1]
  .text              ro code  0x08002976     0x2  startup_stm32f0xx.o [1]
  .text              ro code  0x08002978     0x2  startup_stm32f0xx.o [1]
  .text              ro code  0x0800297a     0x2  startup_stm32f0xx.o [1]
  .text              ro code  0x0800297c     0x2  startup_stm32f0xx.o [1]
  .text              ro code  0x0800297e     0x2  startup_stm32f0xx.o [1]
  .text              ro code  0x08002980     0x2  startup_stm32f0xx.o [1]
  .text              ro code  0x08002982     0x2  startup_stm32f0xx.o [1]
  .text              ro code  0x08002984     0x2  startup_stm32f0xx.o [1]
  .text              ro code  0x08002986     0x2  startup_stm32f0xx.o [1]
  .text              ro code  0x08002988     0x2  startup_stm32f0xx.o [1]
  .text              ro code  0x0800298a     0x2  startup_stm32f0xx.o [1]
  .text              ro code  0x0800298c     0x2  startup_stm32f0xx.o [1]
  .text              ro code  0x0800298e     0x2  startup_stm32f0xx.o [1]
  .text              ro code  0x08002990     0x2  startup_stm32f0xx.o [1]
  .rodata            const    0x08002992     0x0  zero_init3.o [4]
  .rodata            const    0x08002992     0x0  copy_init3.o [4]
  Initializer bytes  const    0x08002994    0x60  <for P2 s0>
                            - 0x080029f4  0x2934

"P2":                                      0x7a0
  P2 s0                       0x20000000    0x60  <Init block>
    .data            inited   0x20000000    0x2c  main.o [1]
    .data            inited   0x2000002c    0x14  system_stm32f0xx.o [1]
    .data            inited   0x20000040    0x10  stm32f0xx_rcc.o [1]
    .data            inited   0x20000050     0x6  timeout.o [1]
    .data            inited   0x20000056     0x6  timeout.o [1]
    .data            inited   0x2000005c     0x4  macphy.o [1]
  .bss               zero     0x20000060   0x1fc  macphy.o [1]
  .bss               zero     0x2000025c    0x68  uip_arp.o [1]
  .bss               zero     0x200002c4    0x4c  uip.o [1]
  .bss               zero     0x20000310    0x3c  uip.o [1]
  .bss               zero     0x2000034c    0x17  stm32f0xx_it.o [1]
  .bss               zero     0x20000363     0x1  macphy.o [1]
  .bss               zero     0x20000364    0x16  stm32f0xx_it.o [1]
  .bss               zero     0x2000037c     0x8  errors.o [1]
  .bss               zero     0x20000384     0x8  uip.o [1]
  .bss               zero     0x2000038c     0x4  main.o [1]
  .bss               zero     0x20000390     0x4  stm32f0xx_it.o [1]
  .bss               zero     0x20000394     0x4  uip.o [1]
  .bss               zero     0x20000398     0x4  uip.o [1]
  CSTACK                      0x200003a0   0x400  <Block>
    CSTACK           uninit   0x200003a0   0x400  <Block tail>
                            - 0x200007a0   0x7a0


*******************************************************************************
*** INIT TABLE
***

          Address     Size
          -------     ----
Zero (__iar_zero_init3)
    1 destination range, total size 0x33c:
          0x20000060  0x33c

Copy (__iar_copy_init3)
    1 source range, total size 0x60:
          0x08002994   0x60
    1 destination range, total size 0x60:
          0x20000000   0x60



*******************************************************************************
*** MODULE SUMMARY
***

    Module               ro code  ro data  rw data
    ------               -------  -------  -------
D:\_WORK\GitHub\uIP_ENC28J60\IAR_EW6.7\EWARM\TIM_TimeBase\Obj: [1]
    config.o                 966
    errors.o                  24                 8
    macphy.o               1 072        4      513
    main.o                 1 504       44       48
    serial.o                 352
    startup_stm32f0xx.o      258
    stm32f0xx_gpio.o         138
    stm32f0xx_it.o           712                49
    stm32f0xx_misc.o          84
    stm32f0xx_rcc.o          420       16       16
    stm32f0xx_spi.o          172
    stm32f0xx_tim.o          232
    stm32f0xx_usart.o        422
    system_stm32f0xx.o       344       20       20
    timeout.o                          12       12
    timer.o                   50
    uip.o                  2 576               152
    uip_arp.o                760               104
    ----------------------------------------------
    Total:                10 086       96      922

command line: [2]
    ----------------------------------------------
    Total:

dl6M_tln.a: [3]
    exit.o                     8
    low_level_init.o           4
    ----------------------------------------------
    Total:                    12

rt6M_tl.a: [4]
    ABImemset.o               84
    I32DivModFast.o          224
    IntDivZer.o                2
    cexit.o                   10
    cmain.o                   26
    copy_init3.o              48
    cstartup_M.o              12
    data_init.o               40
    zero_init3.o              42
    ----------------------------------------------
    Total:                   488

shb_l.a: [5]
    exit.o                    20
    ----------------------------------------------
    Total:                    20

    Gaps                                         2
    Linker created                     38    1 024
--------------------------------------------------
    Grand Total:          10 606      134    1 948


*******************************************************************************
*** ENTRY LIST
***

Entry                      Address   Size  Type      Object
-----                      -------   ----  ----      ------
.iar.init_table$$Base   0x080028e4          --   Gb  - Linker created -
.iar.init_table$$Limit  0x08002908          --   Gb  - Linker created -
?main                   0x08002909         Code  Gb  cmain.o [4]
AHBPrescTable           0x2000002c   0x10  Data  Gb  system_stm32f0xx.o [1]
APBAHBPrescTable        0x20000040   0x10  Data  Lc  stm32f0xx_rcc.o [1]
BTN1_DEB_STATE          0x2000036a    0x1  Data  Gb  stm32f0xx_it.o [1]
BTN1_DELAY_FLAG         0x2000036b    0x1  Data  Gb  stm32f0xx_it.o [1]
BTN1_press_timer        0x20000378    0x2  Data  Gb  stm32f0xx_it.o [1]
CSTACK$$Base            0x200003a0          --   Gb  - Linker created -
CSTACK$$Limit           0x200007a0          --   Gb  - Linker created -
Config                  0x08001105   0x2c  Code  Gb  config.o [1]
Config_GPIO             0x08001131   0xd2  Code  Gb  config.o [1]
Config_SPI2             0x0800133b   0xbe  Code  Gb  config.o [1]
Config_TIM14            0x08001279   0x2c  Code  Gb  config.o [1]
Config_TIM15            0x080012a5   0x26  Code  Gb  config.o [1]
Config_TIM2_cyclic_int  0x08001203   0x2a  Code  Gb  config.o [1]
Config_TIM3             0x0800122d   0x32  Code  Gb  config.o [1]
Config_TIM6             0x08001401   0x3c  Code  Gb  config.o [1]
Config_UART1            0x080012cd   0x6e  Code  Gb  config.o [1]
DMA1_Channel2_3_IRQHandler
                        0x080025c5    0x2  Code  Gb  stm32f0xx_it.o [1]
Errors_Init             0x0800164d   0x14  Code  Gb  errors.o [1]
FLAG_1000ms             0x20000367    0x1  Data  Gb  stm32f0xx_it.o [1]
FLAG_250ms              0x20000365    0x1  Data  Gb  stm32f0xx_it.o [1]
FLAG_500ms              0x20000366    0x1  Data  Gb  stm32f0xx_it.o [1]
FLAG_50ms               0x20000364    0x1  Data  Gb  stm32f0xx_it.o [1]
FLAG_BTN1_lock          0x20000008    0x1  Data  Lc  main.o [1]
FLAG_UART_cmd_rcv       0x20000362    0x1  Data  Gb  stm32f0xx_it.o [1]
GPIO_Init               0x0800226d   0x6a  Code  Gb  stm32f0xx_gpio.o [1]
GPIO_PinAFConfig        0x080022d7   0x20  Code  Gb  stm32f0xx_gpio.o [1]
HardFault_Handler       0x080025ed    0x2  Code  Gb  stm32f0xx_it.o [1]
NMI_Handler             0x080025eb    0x2  Code  Gb  stm32f0xx_it.o [1]
NVIC_Init               0x080022f9   0x46  Code  Gb  stm32f0xx_misc.o [1]
PendSV_Handler          0x080025f1    0x2  Code  Gb  stm32f0xx_it.o [1]
RCC_AHBPeriphClockCmd   0x080021e1   0x14  Code  Gb  stm32f0xx_rcc.o [1]
RCC_APB1PeriphClockCmd  0x08002209   0x14  Code  Gb  stm32f0xx_rcc.o [1]
RCC_APB1PeriphResetCmd  0x08002231   0x14  Code  Gb  stm32f0xx_rcc.o [1]
RCC_APB2PeriphClockCmd  0x080021f5   0x14  Code  Gb  stm32f0xx_rcc.o [1]
RCC_APB2PeriphResetCmd  0x0800221d   0x14  Code  Gb  stm32f0xx_rcc.o [1]
RCC_GetClocksFreq       0x080020c9  0x114  Code  Gb  stm32f0xx_rcc.o [1]
Region$$Table$$Base     0x080028e4          --   Gb  - Linker created -
Region$$Table$$Limit    0x08002908          --   Gb  - Linker created -
SPI_Cmd                 0x080024b3   0x14  Code  Gb  stm32f0xx_spi.o [1]
SPI_I2S_DeInit          0x08002435   0x36  Code  Gb  stm32f0xx_spi.o [1]
SPI_Init                0x0800246b   0x48  Code  Gb  stm32f0xx_spi.o [1]
SVC_Handler             0x080025ef    0x2  Code  Gb  stm32f0xx_it.o [1]
Serial_PrintByte        0x08001681   0x94  Code  Gb  serial.o [1]
Serial_PrintChar        0x08001665   0x1c  Code  Gb  serial.o [1]
Serial_PrintNumber      0x0800173b   0x84  Code  Gb  serial.o [1]
Serial_PrintString      0x08001715   0x26  Code  Gb  serial.o [1]
SysTick_Handler         0x080025f3    0x2  Code  Gb  stm32f0xx_it.o [1]
SystemCoreClock         0x2000003c    0x4  Data  Gb  system_stm32f0xx.o [1]
SystemCoreClockUpdate   0x080015cf   0x4c  Code  Gb  system_stm32f0xx.o [1]
SystemInit              0x080014f5   0xda  Code  Gb  system_stm32f0xx.o [1]
TIM2_IRQHandler         0x080025c7   0x24  Code  Gb  stm32f0xx_it.o [1]
TIM3_IRQHandler         0x080025f5  0x130  Code  Gb  stm32f0xx_it.o [1]
TIM_ClearITPendingBit   0x08002409    0x6  Code  Gb  stm32f0xx_tim.o [1]
TIM_Cmd                 0x080023a5   0x14  Code  Gb  stm32f0xx_tim.o [1]
TIM_DMACmd              0x0800240f   0x12  Code  Gb  stm32f0xx_tim.o [1]
TIM_GetITStatus         0x080023f3   0x16  Code  Gb  stm32f0xx_tim.o [1]
TIM_ITConfig            0x080023e1   0x12  Code  Gb  stm32f0xx_tim.o [1]
TIM_SelectOutputTrigger
                        0x08002421   0x10  Code  Gb  stm32f0xx_tim.o [1]
TIM_TimeBaseInit        0x0800234d   0x58  Code  Gb  stm32f0xx_tim.o [1]
Timeout_istout1         0x20000050    0x1  Data  Gb  timeout.o [1]
Timeout_istout2         0x20000056    0x1  Data  Gb  timeout.o [1]
Timeout_tout1           0x20000054    0x2  Data  Gb  timeout.o [1]
Timeout_tout2           0x2000005a    0x2  Data  Gb  timeout.o [1]
Timeout_toutcnt1        0x20000052    0x2  Data  Gb  timeout.o [1]
Timeout_toutcnt2        0x20000058    0x2  Data  Gb  timeout.o [1]
UART_CMD                0x2000034c   0x14  Data  Gb  stm32f0xx_it.o [1]
UART_rcv_state          0x2000036e    0x1  Data  Gb  stm32f0xx_it.o [1]
UARTdatachksum          0x20000361    0x1  Data  Gb  stm32f0xx_it.o [1]
UARTrcvbuffidx          0x20000360    0x1  Data  Gb  stm32f0xx_it.o [1]
UARTtimeoutcnt          0x2000036d    0x1  Data  Gb  stm32f0xx_it.o [1]
USART1_IRQHandler       0x08002725  0x12a  Code  Gb  stm32f0xx_it.o [1]
USART_ClearITPendingBit
                        0x080020bd    0xa  Code  Gb  stm32f0xx_usart.o [1]
USART_Cmd               0x08002005   0x16  Code  Gb  stm32f0xx_usart.o [1]
USART_DeInit            0x08001f21   0x52  Code  Gb  stm32f0xx_usart.o [1]
USART_GetFlagStatus     0x08002077    0xe  Code  Gb  stm32f0xx_usart.o [1]
USART_GetITStatus       0x08002085   0x38  Code  Gb  stm32f0xx_usart.o [1]
USART_ITConfig          0x0800204d   0x2a  Code  Gb  stm32f0xx_usart.o [1]
USART_Init              0x08001f73   0x92  Code  Gb  stm32f0xx_usart.o [1]
USART_ReceiveData       0x08002023    0x8  Code  Gb  stm32f0xx_usart.o [1]
USART_SendData          0x0800201b    0x8  Code  Gb  stm32f0xx_usart.o [1]
__ICFEDIT_region_RAM_end__ {Abs}
                        0x20001fff          --   Gb  command line/config [2]
__ICFEDIT_region_RAM_start__ {Abs}
                        0x20000000          --   Gb  command line/config [2]
__aeabi_idiv            0x0800250d         Code  Gb  I32DivModFast.o [4]
__aeabi_idiv0           0x080025c1         Code  Gb  IntDivZer.o [4]
__aeabi_idivmod         0x0800250d         Code  Gb  I32DivModFast.o [4]
__aeabi_memclr4         0x08000b21         Code  Gb  ABImemset.o [4]
__aeabi_memclr8         0x08000b21         Code  Gb  ABImemset.o [4]
__aeabi_memset          0x08000ad1         Code  Gb  ABImemset.o [4]
__aeabi_uidiv           0x08002513         Code  Gb  I32DivModFast.o [4]
__aeabi_uidivmod        0x08002513         Code  Gb  I32DivModFast.o [4]
__cmain                 0x08002909         Code  Gb  cmain.o [4]
__exit                  0x0800293d   0x14  Code  Gb  exit.o [5]
__iar_Memset4_word      0x08000af1         Code  Gb  ABImemset.o [4]
__iar_Memset_word       0x08000add         Code  Gb  ABImemset.o [4]
__iar_copy_init3        0x0800288d   0x30  Code  Gb  copy_init3.o [4]
__iar_data_init3        0x080028bd   0x28  Code  Gb  data_init.o [4]
__iar_program_start     0x08002961         Code  Gb  cstartup_M.o [4]
__iar_zero_init3        0x080014cb   0x2a  Code  Gb  zero_init3.o [4]
__low_level_init        0x08002923    0x4  Code  Gb  low_level_init.o [3]
__vector_table          0x08000000         Data  Gb  startup_stm32f0xx.o [1]
_call_main              0x08002915         Code  Gb  cmain.o [4]
_exit                   0x08002931         Code  Gb  cexit.o [4]
_main                   0x0800291f         Code  Gb  cmain.o [4]
arp_table               0x20000264   0x60  Data  Gb  uip_arp.o [1]
arp_timer               0x20000024    0x8  Data  Gb  main.o [1]
arptime                 0x2000025d    0x1  Data  Lc  uip_arp.o [1]
broadcast_ethaddr       0x08001f18    0x8  Data  Lc  uip_arp.o [1]
btn1_0_cnt              0x20000368    0x1  Data  Gb  stm32f0xx_it.o [1]
btn1_1_cnt              0x20000369    0x1  Data  Gb  stm32f0xx_it.o [1]
btn1_delay_cnt          0x2000036c    0x1  Data  Gb  stm32f0xx_it.o [1]
c                       0x200002cd    0x1  Data  Lc  uip.o [1]
chksum                  0x0800010f   0x36  Code  Lc  uip.o [1]
clock_time              0x08001465    0x6  Code  Gb  config.o [1]
cnt_flag_1000ms         0x20000376    0x2  Data  Gb  stm32f0xx_it.o [1]
cnt_flag_250ms          0x20000372    0x2  Data  Gb  stm32f0xx_it.o [1]
cnt_flag_500ms          0x20000374    0x2  Data  Gb  stm32f0xx_it.o [1]
cnt_flag_50ms           0x20000370    0x2  Data  Gb  stm32f0xx_it.o [1]
current_time_sec        0x20000390    0x4  Data  Gb  stm32f0xx_it.o [1]
debug                   0x20000009    0x1  Data  Lc  main.o [1]
error_cnt               0x2000037c    0x4  Data  Lc  errors.o [1]
error_state             0x20000380    0x4  Data  Lc  errors.o [1]
exit                    0x08002927    0x8  Code  Gb  exit.o [3]
htons                   0x08000aa1    0xa  Code  Gb  uip.o [1]
i                       0x2000025c    0x1  Data  Lc  uip_arp.o [1]
ipaddr                  0x2000000c    0x4  Data  Gb  main.o [1]
ipaddr                  0x20000260    0x4  Data  Lc  uip_arp.o [1]
ipid                    0x200002d8    0x2  Data  Lc  uip.o [1]
iss                     0x200002c4    0x4  Data  Lc  uip.o [1]
lastport                0x200002da    0x2  Data  Lc  uip.o [1]
macaddr                 0x20000014    0x8  Data  Gb  main.o [1]
macphy_clearbit         0x08001965    0xe  Code  Gb  macphy.o [1]
macphy_eth_readreg      0x08001999    0xe  Code  Gb  macphy.o [1]
macphy_init             0x080017c5  0x158  Code  Gb  macphy.o [1]
macphy_pktcnt           0x08001945   0x10  Code  Gb  macphy.o [1]
macphy_readpkt          0x08001a11   0xc2  Code  Gb  macphy.o [1]
macphy_reset            0x080019bd   0x16  Code  Gb  macphy.o [1]
macphy_sendpkt          0x08001add  0x10a  Code  Gb  macphy.o [1]
macphy_setbank          0x080019d3   0x3e  Code  Gb  macphy.o [1]
macphy_setbit           0x08001955   0x10  Code  Gb  macphy.o [1]
macphy_startrx          0x08001939    0xc  Code  Gb  macphy.o [1]
macphy_writereg         0x08001989   0x10  Code  Gb  macphy.o [1]
main                    0x08000b25  0x222  Code  Gb  main.o [1]
memcpy                  0x080014b3   0x18  Code  Gb  config.o [1]
memset                  0x080014a1   0x12  Code  Gb  config.o [1]
periodic_timer          0x2000001c    0x8  Data  Gb  main.o [1]
pkt_buf                 0x20000060  0x1fc  Data  Gb  macphy.o [1]
ptr_BUF_type            0x20000010    0x4  Data  Gb  main.o [1]
rev_ID                  0x20000363    0x1  Data  Gb  macphy.o [1]
spi_ss                  0x08001453   0x12  Code  Gb  config.o [1]
spi_txrx                0x08001445    0xe  Code  Gb  config.o [1]
timer_expired           0x08001c0f   0x18  Code  Gb  timer.o [1]
timer_reset             0x08001bfd    0xa  Code  Gb  timer.o [1]
timer_set               0x08001bf5    0x8  Code  Gb  timer.o [1]
uip_acc32               0x200002c8    0x4  Data  Gb  uip.o [1]
uip_add32               0x080000c1   0x4e  Code  Gb  uip.o [1]
uip_add_rcv_nxt         0x080001dd   0x28  Code  Lc  uip.o [1]
uip_appdata             0x20000304    0x4  Data  Gb  uip.o [1]
uip_arp_arpin           0x08001d35   0xb8  Code  Gb  uip_arp.o [1]
uip_arp_init            0x08001c29   0x28  Code  Gb  uip_arp.o [1]
uip_arp_out             0x08001ded  0x106  Code  Gb  uip_arp.o [1]
uip_arp_timer           0x08001c51   0x40  Code  Gb  uip_arp.o [1]
uip_arp_update          0x08001c91   0xa4  Code  Lc  uip_arp.o [1]
uip_buf                 0x2000005c    0x4  Data  Gb  macphy.o [1]
uip_callback            0x08000dc1  0x250  Code  Gb  main.o [1]
uip_conn                0x2000030c    0x4  Data  Gb  uip.o [1]
uip_conns               0x20000310   0x3c  Data  Gb  uip.o [1]
uip_draddr              0x20000394    0x4  Data  Gb  uip.o [1]
uip_ethaddr             0x20000384    0x8  Data  Gb  uip.o [1]
uip_flags               0x200002cc    0x1  Data  Gb  uip.o [1]
uip_hostaddr            0x200002d0    0x4  Data  Gb  uip.o [1]
uip_init                0x08000199   0x20  Code  Gb  uip.o [1]
uip_ipchksum            0x08000145   0x1e  Code  Gb  uip.o [1]
uip_len                 0x200002d4    0x2  Data  Gb  uip.o [1]
uip_listen              0x080001b9   0x24  Code  Gb  uip.o [1]
uip_listenports         0x200002dc   0x28  Data  Gb  uip.o [1]
uip_netmask             0x20000398    0x4  Data  Gb  uip.o [1]
uip_process             0x08000219  0x888  Code  Gb  uip.o [1]
uip_sappdata            0x20000308    0x4  Data  Gb  uip.o [1]
uip_send                0x08000aab   0x20  Code  Gb  uip.o [1]
uip_slen                0x200002d6    0x2  Data  Gb  uip.o [1]
uip_tcpchksum           0x08000163   0x36  Code  Gb  uip.o [1]
uipmacaddr              0x20000000    0x8  Data  Gb  main.o [1]
xmitlen                 0x2000038c    0x4  Data  Gb  main.o [1]


[1] = D:\_WORK\GitHub\uIP_ENC28J60\IAR_EW6.7\EWARM\TIM_TimeBase\Obj
[2] = command line
[3] = dl6M_tln.a
[4] = rt6M_tl.a
[5] = shb_l.a

  10 606 bytes of readonly  code memory
     134 bytes of readonly  data memory
   1 948 bytes of readwrite data memory

Errors: none
Warnings: none
