###############################################################################
#
# IAR ELF Linker V7.40.2.8542/W32 for ARM                 29/Jul/2015  19:33:16
# Copyright 2007-2015 IAR Systems AB.
#
#    Output file  =  
#        D:\_WORK\GitHub\uIP_ENC28J60\IAR_EW6.7\EWARM\TIM_TimeBase\Exe\TIM_TimeBase.out
#    Map file     =  
#        D:\_WORK\GitHub\uIP_ENC28J60\IAR_EW6.7\EWARM\TIM_TimeBase\List\TIM_TimeBase.map
#    Command line =  
#        D:\_WORK\GitHub\uIP_ENC28J60\IAR_EW6.7\EWARM\TIM_TimeBase\Obj\config.o
#        D:\_WORK\GitHub\uIP_ENC28J60\IAR_EW6.7\EWARM\TIM_TimeBase\Obj\delay.o
#        D:\_WORK\GitHub\uIP_ENC28J60\IAR_EW6.7\EWARM\TIM_TimeBase\Obj\errors.o
#        D:\_WORK\GitHub\uIP_ENC28J60\IAR_EW6.7\EWARM\TIM_TimeBase\Obj\http-strings.o
#        D:\_WORK\GitHub\uIP_ENC28J60\IAR_EW6.7\EWARM\TIM_TimeBase\Obj\httpd-cgi.o
#        D:\_WORK\GitHub\uIP_ENC28J60\IAR_EW6.7\EWARM\TIM_TimeBase\Obj\httpd-fs.o
#        D:\_WORK\GitHub\uIP_ENC28J60\IAR_EW6.7\EWARM\TIM_TimeBase\Obj\httpd.o
#        D:\_WORK\GitHub\uIP_ENC28J60\IAR_EW6.7\EWARM\TIM_TimeBase\Obj\macphy.o
#        D:\_WORK\GitHub\uIP_ENC28J60\IAR_EW6.7\EWARM\TIM_TimeBase\Obj\main.o
#        D:\_WORK\GitHub\uIP_ENC28J60\IAR_EW6.7\EWARM\TIM_TimeBase\Obj\mem.o
#        D:\_WORK\GitHub\uIP_ENC28J60\IAR_EW6.7\EWARM\TIM_TimeBase\Obj\psock.o
#        D:\_WORK\GitHub\uIP_ENC28J60\IAR_EW6.7\EWARM\TIM_TimeBase\Obj\serial.o
#        D:\_WORK\GitHub\uIP_ENC28J60\IAR_EW6.7\EWARM\TIM_TimeBase\Obj\startup_stm32f0xx.o
#        D:\_WORK\GitHub\uIP_ENC28J60\IAR_EW6.7\EWARM\TIM_TimeBase\Obj\stm32f0xx_dac.o
#        D:\_WORK\GitHub\uIP_ENC28J60\IAR_EW6.7\EWARM\TIM_TimeBase\Obj\stm32f0xx_dma.o
#        D:\_WORK\GitHub\uIP_ENC28J60\IAR_EW6.7\EWARM\TIM_TimeBase\Obj\stm32f0xx_gpio.o
#        D:\_WORK\GitHub\uIP_ENC28J60\IAR_EW6.7\EWARM\TIM_TimeBase\Obj\stm32f0xx_it.o
#        D:\_WORK\GitHub\uIP_ENC28J60\IAR_EW6.7\EWARM\TIM_TimeBase\Obj\stm32f0xx_misc.o
#        D:\_WORK\GitHub\uIP_ENC28J60\IAR_EW6.7\EWARM\TIM_TimeBase\Obj\stm32f0xx_rcc.o
#        D:\_WORK\GitHub\uIP_ENC28J60\IAR_EW6.7\EWARM\TIM_TimeBase\Obj\stm32f0xx_spi.o
#        D:\_WORK\GitHub\uIP_ENC28J60\IAR_EW6.7\EWARM\TIM_TimeBase\Obj\stm32f0xx_syscfg.o
#        D:\_WORK\GitHub\uIP_ENC28J60\IAR_EW6.7\EWARM\TIM_TimeBase\Obj\stm32f0xx_tim.o
#        D:\_WORK\GitHub\uIP_ENC28J60\IAR_EW6.7\EWARM\TIM_TimeBase\Obj\stm32f0xx_usart.o
#        D:\_WORK\GitHub\uIP_ENC28J60\IAR_EW6.7\EWARM\TIM_TimeBase\Obj\string.o
#        D:\_WORK\GitHub\uIP_ENC28J60\IAR_EW6.7\EWARM\TIM_TimeBase\Obj\system_stm32f0xx.o
#        D:\_WORK\GitHub\uIP_ENC28J60\IAR_EW6.7\EWARM\TIM_TimeBase\Obj\timeout.o
#        D:\_WORK\GitHub\uIP_ENC28J60\IAR_EW6.7\EWARM\TIM_TimeBase\Obj\timer.o
#        D:\_WORK\GitHub\uIP_ENC28J60\IAR_EW6.7\EWARM\TIM_TimeBase\Obj\uip.o
#        D:\_WORK\GitHub\uIP_ENC28J60\IAR_EW6.7\EWARM\TIM_TimeBase\Obj\uip_arp.o
#        --redirect _Printf=_PrintfSmall --redirect _Scanf=_ScanfSmall -o
#        D:\_WORK\GitHub\uIP_ENC28J60\IAR_EW6.7\EWARM\TIM_TimeBase\Exe\TIM_TimeBase.out
#        --map
#        D:\_WORK\GitHub\uIP_ENC28J60\IAR_EW6.7\EWARM\TIM_TimeBase\List\TIM_TimeBase.map
#        --config
#        D:\_WORK\GitHub\uIP_ENC28J60\IAR_EW6.7\EWARM\stm32f0xx_flash.icf
#        --semihosting --entry __iar_program_start --vfe
#
###############################################################################

*******************************************************************************
*** RUNTIME MODEL ATTRIBUTES
***

CppFlavor       = *
__SystemLibrary = DLib


*******************************************************************************
*** PLACEMENT SUMMARY
***

"A1":  place at 0x08000000 { ro section .intvec };
"P1":  place in [from 0x08000000 to 0x0800ffff] { ro };
"P2":  place in [from 0x20000000 to 0x20001fff] { rw, block CSTACK, block HEAP };

  Section            Kind        Address    Size  Object
  -------            ----        -------    ----  ------
"A1":                                       0xc0
  .intvec            ro code  0x08000000    0xc0  startup_stm32f0xx.o [1]
                            - 0x080000c0    0xc0

"P1":                                     0x4e60
  .rodata            const    0x080000c0  0x1638  httpd-fs.o [1]
  .text              ro code  0x080016f8   0xa10  uip.o [1]
  .text              ro code  0x08002108    0x54  ABImemset.o [4]
  .text              ro code  0x0800215c   0x514  httpd.o [1]
  .text              ro code  0x08002670    0x2a  mem.o [1]
  .text              ro code  0x0800269a    0x2a  zero_init3.o [4]
  .text              ro code  0x080026c4   0x25e  psock.o [1]
  .text              ro code  0x08002922     0x2  startup_stm32f0xx.o [1]
  .text              ro code  0x08002924    0x98  httpd-fs.o [1]
  .text              ro code  0x080029bc   0x200  httpd-cgi.o [1]
  .text              ro code  0x08002bbc    0x98  string.o [1]
  .text              ro code  0x08002c54    0x48  snprintf.o [3]
  .text              ro code  0x08002c9c   0x528  xprintfsmall.o [3]
  .text              ro code  0x080031c4    0x14  strchr.o [4]
  .text              ro code  0x080031d8    0x18  memchr.o [4]
  .text              ro code  0x080031f0    0xae  I32DivModFast.o [4]
  .text              ro code  0x0800329e     0x2  startup_stm32f0xx.o [1]
  .text              ro code  0x080032a0     0x2  IntDivZer.o [4]
  .text              ro code  0x080032a2     0x2  startup_stm32f0xx.o [1]
  .text              ro code  0x080032a4   0x458  macphy.o [1]
  .text              ro code  0x080036fc    0xc0  serial.o [1]
  .text              ro code  0x080037bc   0x39c  config.o [1]
  .text              ro code  0x08003b58   0x1a6  stm32f0xx_usart.o [1]
  .text              ro code  0x08003cfe     0x2  startup_stm32f0xx.o [1]
  .text              ro code  0x08003d00   0x1a4  stm32f0xx_rcc.o [1]
  .text              ro code  0x08003ea4    0x8a  stm32f0xx_gpio.o [1]
  .text              ro code  0x08003f2e     0x2  startup_stm32f0xx.o [1]
  .text              ro code  0x08003f30    0x54  stm32f0xx_misc.o [1]
  .text              ro code  0x08003f84    0xe8  stm32f0xx_tim.o [1]
  .text              ro code  0x0800406c    0xac  stm32f0xx_spi.o [1]
  .text              ro code  0x08004118   0x2f8  uip_arp.o [1]
  .text              ro code  0x08004410   0x2c8  stm32f0xx_it.o [1]
  .text              ro code  0x080046d8   0x264  main.o [1]
  .text              ro code  0x0800493c   0x158  system_stm32f0xx.o [1]
  .text              ro code  0x08004a94    0x18  errors.o [1]
  .text              ro code  0x08004aac    0x32  timer.o [1]
  .text              ro code  0x08004ade     0x2  startup_stm32f0xx.o [1]
  .rodata            const    0x08004ae0   0x1e8  http-strings.o [1]
  .rodata            const    0x08004cc8    0xa4  httpd-cgi.o [1]
  .text              ro code  0x08004d6c    0x30  copy_init3.o [4]
  .text              ro code  0x08004d9c    0x28  data_init.o [4]
  .iar.init_table    const    0x08004dc4    0x24  - Linker created -
  .text              ro code  0x08004de8    0x1c  xsnprout.o [3]
  .text              ro code  0x08004e04    0x1a  cmain.o [4]
  .text              ro code  0x08004e1e     0x4  low_level_init.o [3]
  .text              ro code  0x08004e22     0x8  exit.o [3]
  .text              ro code  0x08004e2a     0x2  startup_stm32f0xx.o [1]
  .text              ro code  0x08004e2c     0xa  cexit.o [4]
  .text              ro code  0x08004e36     0x2  startup_stm32f0xx.o [1]
  .text              ro code  0x08004e38    0x14  exit.o [5]
  .text              ro code  0x08004e4c    0x10  startup_stm32f0xx.o [1]
  .text              ro code  0x08004e5c     0xc  cstartup_M.o [4]
  .text              ro code  0x08004e68     0x2  startup_stm32f0xx.o [1]
  .text              ro code  0x08004e6a     0x2  startup_stm32f0xx.o [1]
  .text              ro code  0x08004e6c     0x2  startup_stm32f0xx.o [1]
  .text              ro code  0x08004e6e     0x2  startup_stm32f0xx.o [1]
  .text              ro code  0x08004e70     0x2  startup_stm32f0xx.o [1]
  .text              ro code  0x08004e72     0x2  startup_stm32f0xx.o [1]
  .text              ro code  0x08004e74     0x2  startup_stm32f0xx.o [1]
  .text              ro code  0x08004e76     0x2  startup_stm32f0xx.o [1]
  .text              ro code  0x08004e78     0x2  startup_stm32f0xx.o [1]
  .text              ro code  0x08004e7a     0x2  startup_stm32f0xx.o [1]
  .text              ro code  0x08004e7c     0x2  startup_stm32f0xx.o [1]
  .text              ro code  0x08004e7e     0x2  startup_stm32f0xx.o [1]
  .text              ro code  0x08004e80     0x2  startup_stm32f0xx.o [1]
  .text              ro code  0x08004e82     0x2  startup_stm32f0xx.o [1]
  .text              ro code  0x08004e84     0x2  startup_stm32f0xx.o [1]
  .text              ro code  0x08004e86     0x2  startup_stm32f0xx.o [1]
  .text              ro code  0x08004e88     0x2  startup_stm32f0xx.o [1]
  .rodata            const    0x08004e8a     0x0  zero_init3.o [4]
  .rodata            const    0x08004e8a     0x0  copy_init3.o [4]
  Initializer bytes  const    0x08004e8c    0x94  <for P2 s0>
                            - 0x08004f20  0x4e60

"P2":                                      0x948
  P2 s0                       0x20000000    0x94  <Init block>
    .data            inited   0x20000000    0x2c  main.o [1]
    .data            inited   0x2000002c    0x24  httpd-cgi.o [1]
    .data            inited   0x20000050    0x14  system_stm32f0xx.o [1]
    .data            inited   0x20000064    0x10  httpd-cgi.o [1]
    .data            inited   0x20000074    0x10  stm32f0xx_rcc.o [1]
    .data            inited   0x20000084     0x6  timeout.o [1]
    .data            inited   0x2000008a     0x6  timeout.o [1]
    .data            inited   0x20000090     0x4  macphy.o [1]
  .bss               zero     0x20000094   0x1fc  macphy.o [1]
  .bss               zero     0x20000290   0x1a0  uip.o [1]
  .bss               zero     0x20000430    0x68  uip_arp.o [1]
  .bss               zero     0x20000498    0x4c  uip.o [1]
  .bss               zero     0x200004e4    0x17  stm32f0xx_it.o [1]
  .bss               zero     0x200004fb     0x1  macphy.o [1]
  .bss               zero     0x200004fc    0x16  stm32f0xx_it.o [1]
  .bss               zero     0x20000514    0x14  httpd-fs.o [1]
  .bss               zero     0x20000528     0x8  errors.o [1]
  .bss               zero     0x20000530     0x8  uip.o [1]
  .bss               zero     0x20000538     0x4  stm32f0xx_it.o [1]
  .bss               zero     0x2000053c     0x4  uip.o [1]
  .bss               zero     0x20000540     0x4  uip.o [1]
  CSTACK                      0x20000548   0x400  <Block>
    CSTACK           uninit   0x20000548   0x400  <Block tail>
                            - 0x20000948   0x948


*******************************************************************************
*** INIT TABLE
***

          Address     Size
          -------     ----
Zero (__iar_zero_init3)
    1 destination range, total size 0x4b0:
          0x20000094  0x4b0

Copy (__iar_copy_init3)
    1 source range, total size 0x94:
          0x08004e8c   0x94
    1 destination range, total size 0x94:
          0x20000000   0x94



*******************************************************************************
*** MODULE SUMMARY
***

    Module               ro code  ro data  rw data
    ------               -------  -------  -------
D:\_WORK\GitHub\uIP_ENC28J60\IAR_EW6.7\EWARM\TIM_TimeBase\Obj: [1]
    config.o                 924
    errors.o                  24                 8
    http-strings.o                    488
    httpd-cgi.o              512      216       52
    httpd-fs.o               152    5 688       20
    httpd.o                1 300
    macphy.o               1 112        4      513
    main.o                   612       44       44
    mem.o                     42
    psock.o                  606
    serial.o                 192
    startup_stm32f0xx.o      258
    stm32f0xx_gpio.o         138
    stm32f0xx_it.o           712                49
    stm32f0xx_misc.o          84
    stm32f0xx_rcc.o          420       16       16
    stm32f0xx_spi.o          172
    stm32f0xx_tim.o          232
    stm32f0xx_usart.o        422
    string.o                 152
    system_stm32f0xx.o       344       20       20
    timeout.o                          12       12
    timer.o                   50
    uip.o                  2 576               508
    uip_arp.o                760               104
    ----------------------------------------------
    Total:                11 796    6 488    1 346

command line: [2]
    ----------------------------------------------
    Total:

dl6M_tln.a: [3]
    exit.o                     8
    low_level_init.o           4
    snprintf.o                72
    xprintfsmall.o         1 320
    xsnprout.o                28
    ----------------------------------------------
    Total:                 1 432

rt6M_tl.a: [4]
    ABImemset.o               84
    I32DivModFast.o          174
    IntDivZer.o                2
    cexit.o                   10
    cmain.o                   26
    copy_init3.o              48
    cstartup_M.o              12
    data_init.o               40
    memchr.o                  24
    strchr.o                  20
    zero_init3.o              42
    ----------------------------------------------
    Total:                   482

shb_l.a: [5]
    exit.o                    20
    ----------------------------------------------
    Total:                    20

    Gaps                                         2
    Linker created                     38    1 024
--------------------------------------------------
    Grand Total:          13 730    6 526    2 372


*******************************************************************************
*** ENTRY LIST
***

Entry                      Address   Size  Type      Object
-----                      -------   ----  ----      ------
.iar.init_table$$Base   0x08004dc4          --   Gb  - Linker created -
.iar.init_table$$Limit  0x08004de8          --   Gb  - Linker created -
?main                   0x08004e05         Code  Gb  cmain.o [4]
AHBPrescTable           0x20000050   0x10  Data  Gb  system_stm32f0xx.o [1]
APBAHBPrescTable        0x20000074   0x10  Data  Lc  stm32f0xx_rcc.o [1]
BTN1_DEB_STATE          0x20000502    0x1  Data  Gb  stm32f0xx_it.o [1]
BTN1_DELAY_FLAG         0x20000503    0x1  Data  Gb  stm32f0xx_it.o [1]
BTN1_press_timer        0x20000510    0x2  Data  Gb  stm32f0xx_it.o [1]
CSTACK$$Base            0x20000548          --   Gb  - Linker created -
CSTACK$$Limit           0x20000948          --   Gb  - Linker created -
Config                  0x080037bd   0x2c  Code  Gb  config.o [1]
Config_GPIO             0x080037e9   0xd2  Code  Gb  config.o [1]
Config_SPI2             0x080039f3   0xbe  Code  Gb  config.o [1]
Config_TIM14            0x08003931   0x2c  Code  Gb  config.o [1]
Config_TIM15            0x0800395d   0x26  Code  Gb  config.o [1]
Config_TIM2_cyclic_int  0x080038bb   0x2a  Code  Gb  config.o [1]
Config_TIM3             0x080038e5   0x32  Code  Gb  config.o [1]
Config_TIM6             0x08003ab9   0x3c  Code  Gb  config.o [1]
Config_UART1            0x08003985   0x6e  Code  Gb  config.o [1]
DMA1_Channel2_3_IRQHandler
                        0x08004411    0x2  Code  Gb  stm32f0xx_it.o [1]
Errors_Init             0x08004a95   0x14  Code  Gb  errors.o [1]
FLAG_1000ms             0x200004ff    0x1  Data  Gb  stm32f0xx_it.o [1]
FLAG_250ms              0x200004fd    0x1  Data  Gb  stm32f0xx_it.o [1]
FLAG_500ms              0x200004fe    0x1  Data  Gb  stm32f0xx_it.o [1]
FLAG_50ms               0x200004fc    0x1  Data  Gb  stm32f0xx_it.o [1]
FLAG_BTN1_lock          0x20000008    0x1  Data  Lc  main.o [1]
FLAG_UART_cmd_rcv       0x200004fa    0x1  Data  Gb  stm32f0xx_it.o [1]
GPIO_Init               0x08003ea5   0x6a  Code  Gb  stm32f0xx_gpio.o [1]
GPIO_PinAFConfig        0x08003f0f   0x20  Code  Gb  stm32f0xx_gpio.o [1]
HardFault_Handler       0x08004439    0x2  Code  Gb  stm32f0xx_it.o [1]
LoadInt                 0x08003051   0x4c  Code  Lc  xprintfsmall.o [3]
NMI_Handler             0x08004437    0x2  Code  Gb  stm32f0xx_it.o [1]
NVIC_Init               0x08003f31   0x46  Code  Gb  stm32f0xx_misc.o [1]
PendSV_Handler          0x0800443d    0x2  Code  Gb  stm32f0xx_it.o [1]
RCC_AHBPeriphClockCmd   0x08003e19   0x14  Code  Gb  stm32f0xx_rcc.o [1]
RCC_APB1PeriphClockCmd  0x08003e41   0x14  Code  Gb  stm32f0xx_rcc.o [1]
RCC_APB1PeriphResetCmd  0x08003e69   0x14  Code  Gb  stm32f0xx_rcc.o [1]
RCC_APB2PeriphClockCmd  0x08003e2d   0x14  Code  Gb  stm32f0xx_rcc.o [1]
RCC_APB2PeriphResetCmd  0x08003e55   0x14  Code  Gb  stm32f0xx_rcc.o [1]
RCC_GetClocksFreq       0x08003d01  0x114  Code  Gb  stm32f0xx_rcc.o [1]
Region$$Table$$Base     0x08004dc4          --   Gb  - Linker created -
Region$$Table$$Limit    0x08004de8          --   Gb  - Linker created -
SPI_Cmd                 0x080040eb   0x14  Code  Gb  stm32f0xx_spi.o [1]
SPI_I2S_DeInit          0x0800406d   0x36  Code  Gb  stm32f0xx_spi.o [1]
SPI_Init                0x080040a3   0x48  Code  Gb  stm32f0xx_spi.o [1]
SVC_Handler             0x0800443b    0x2  Code  Gb  stm32f0xx_it.o [1]
Serial_PrintByte        0x080036fd   0x94  Code  Gb  serial.o [1]
Serial_PrintString      0x08003791   0x26  Code  Gb  serial.o [1]
SysTick_Handler         0x0800443f    0x2  Code  Gb  stm32f0xx_it.o [1]
SystemCoreClock         0x20000060    0x4  Data  Gb  system_stm32f0xx.o [1]
SystemCoreClockUpdate   0x08004a17   0x4c  Code  Gb  system_stm32f0xx.o [1]
SystemInit              0x0800493d   0xda  Code  Gb  system_stm32f0xx.o [1]
TIM2_IRQHandler         0x08004413   0x24  Code  Gb  stm32f0xx_it.o [1]
TIM3_IRQHandler         0x08004441  0x130  Code  Gb  stm32f0xx_it.o [1]
TIM_ClearITPendingBit   0x08004041    0x6  Code  Gb  stm32f0xx_tim.o [1]
TIM_Cmd                 0x08003fdd   0x14  Code  Gb  stm32f0xx_tim.o [1]
TIM_DMACmd              0x08004047   0x12  Code  Gb  stm32f0xx_tim.o [1]
TIM_GetITStatus         0x0800402b   0x16  Code  Gb  stm32f0xx_tim.o [1]
TIM_ITConfig            0x08004019   0x12  Code  Gb  stm32f0xx_tim.o [1]
TIM_SelectOutputTrigger
                        0x08004059   0x10  Code  Gb  stm32f0xx_tim.o [1]
TIM_TimeBaseInit        0x08003f85   0x58  Code  Gb  stm32f0xx_tim.o [1]
Timeout_istout1         0x20000084    0x1  Data  Gb  timeout.o [1]
Timeout_istout2         0x2000008a    0x1  Data  Gb  timeout.o [1]
Timeout_tout1           0x20000088    0x2  Data  Gb  timeout.o [1]
Timeout_tout2           0x2000008e    0x2  Data  Gb  timeout.o [1]
Timeout_toutcnt1        0x20000086    0x2  Data  Gb  timeout.o [1]
Timeout_toutcnt2        0x2000008c    0x2  Data  Gb  timeout.o [1]
UART_CMD                0x200004e4   0x14  Data  Gb  stm32f0xx_it.o [1]
UART_rcv_state          0x20000506    0x1  Data  Gb  stm32f0xx_it.o [1]
UARTdatachksum          0x200004f9    0x1  Data  Gb  stm32f0xx_it.o [1]
UARTrcvbuffidx          0x200004f8    0x1  Data  Gb  stm32f0xx_it.o [1]
UARTtimeoutcnt          0x20000505    0x1  Data  Gb  stm32f0xx_it.o [1]
USART1_IRQHandler       0x08004571  0x12a  Code  Gb  stm32f0xx_it.o [1]
USART_ClearITPendingBit
                        0x08003cf5    0xa  Code  Gb  stm32f0xx_usart.o [1]
USART_Cmd               0x08003c3d   0x16  Code  Gb  stm32f0xx_usart.o [1]
USART_DeInit            0x08003b59   0x52  Code  Gb  stm32f0xx_usart.o [1]
USART_GetFlagStatus     0x08003caf    0xe  Code  Gb  stm32f0xx_usart.o [1]
USART_GetITStatus       0x08003cbd   0x38  Code  Gb  stm32f0xx_usart.o [1]
USART_ITConfig          0x08003c85   0x2a  Code  Gb  stm32f0xx_usart.o [1]
USART_Init              0x08003bab   0x92  Code  Gb  stm32f0xx_usart.o [1]
USART_ReceiveData       0x08003c5b    0x8  Code  Gb  stm32f0xx_usart.o [1]
USART_SendData          0x08003c53    0x8  Code  Gb  stm32f0xx_usart.o [1]
_LitobSmall             0x0800309d   0xf2  Code  Lc  xprintfsmall.o [3]
_PrintfSmall            0x08002c9d  0x3a6  Code  Gb  xprintfsmall.o [3]
_PutcharsSmall          0x08003195   0x30  Code  Lc  xprintfsmall.o [3]
_SNProut                0x08004de9   0x1c  Code  Gb  xsnprout.o [3]
__ICFEDIT_region_RAM_end__ {Abs}
                        0x20001fff          --   Gb  command line/config [2]
__ICFEDIT_region_RAM_start__ {Abs}
                        0x20000000          --   Gb  command line/config [2]
__aeabi_idiv0           0x080032a1         Code  Gb  IntDivZer.o [4]
__aeabi_memclr4         0x08002159         Code  Gb  ABImemset.o [4]
__aeabi_memclr8         0x08002159         Code  Gb  ABImemset.o [4]
__aeabi_memset          0x08002109         Code  Gb  ABImemset.o [4]
__aeabi_uidiv           0x080031f1         Code  Gb  I32DivModFast.o [4]
__aeabi_uidivmod        0x080031f1         Code  Gb  I32DivModFast.o [4]
__cmain                 0x08004e05         Code  Gb  cmain.o [4]
__exit                  0x08004e39   0x14  Code  Gb  exit.o [5]
__iar_Memchr            0x080031d9   0x18  Code  Gb  memchr.o [4]
__iar_Memset4_word      0x08002129         Code  Gb  ABImemset.o [4]
__iar_Memset_word       0x08002115         Code  Gb  ABImemset.o [4]
__iar_Strchr            0x080031c5   0x14  Code  Gb  strchr.o [4]
__iar_copy_init3        0x08004d6d   0x30  Code  Gb  copy_init3.o [4]
__iar_data_init3        0x08004d9d   0x28  Code  Gb  data_init.o [4]
__iar_program_start     0x08004e5d         Code  Gb  cstartup_M.o [4]
__iar_zero_init3        0x0800269b   0x2a  Code  Gb  zero_init3.o [4]
__low_level_init        0x08004e1f    0x4  Code  Gb  low_level_init.o [3]
__vector_table          0x08000000         Data  Gb  startup_stm32f0xx.o [1]
_call_main              0x08004e11         Code  Gb  cmain.o [4]
_exit                   0x08004e2d         Code  Gb  cexit.o [4]
_main                   0x08004e1b         Code  Gb  cmain.o [4]
arp_table               0x20000438   0x60  Data  Gb  uip_arp.o [1]
arp_timer               0x20000024    0x8  Data  Gb  main.o [1]
arptime                 0x20000431    0x1  Data  Lc  uip_arp.o [1]
broadcast_ethaddr       0x08004408    0x8  Data  Lc  uip_arp.o [1]
btn1_0_cnt              0x20000500    0x1  Data  Gb  stm32f0xx_it.o [1]
btn1_1_cnt              0x20000501    0x1  Data  Gb  stm32f0xx_it.o [1]
btn1_delay_cnt          0x20000504    0x1  Data  Gb  stm32f0xx_it.o [1]
buf_setup               0x080026c5    0x6  Code  Lc  psock.o [1]
c                       0x200004a1    0x1  Data  Lc  uip.o [1]
calls                   0x20000064   0x10  Data  Lc  httpd-cgi.o [1]
chksum                  0x08001747   0x36  Code  Lc  uip.o [1]
clock_time              0x08003b1d    0x6  Code  Gb  config.o [1]
closed                  0x08004d08    0x8  Data  Lc  httpd-cgi.o [1]
closing                 0x08004d4c    0x8  Data  Lc  httpd-cgi.o [1]
cnt_flag_1000ms         0x2000050e    0x2  Data  Gb  stm32f0xx_it.o [1]
cnt_flag_250ms          0x2000050a    0x2  Data  Gb  stm32f0xx_it.o [1]
cnt_flag_500ms          0x2000050c    0x2  Data  Gb  stm32f0xx_it.o [1]
cnt_flag_50ms           0x20000508    0x2  Data  Gb  stm32f0xx_it.o [1]
count                   0x20000514   0x14  Data  Lc  httpd-fs.o [1]
current_time_sec        0x20000538    0x4  Data  Gb  stm32f0xx_it.o [1]
data_404_html           0x080001a4   0xac  Data  Lc  httpd-fs.o [1]
data_acked              0x080026ff   0x3e  Code  Lc  psock.o [1]
data_fade_png           0x08001244   0xd0  Data  Lc  httpd-fs.o [1]
data_files_shtml        0x08000250  0x4f4  Data  Lc  httpd-fs.o [1]
data_footer_html        0x08000744   0x20  Data  Lc  httpd-fs.o [1]
data_header_html        0x08000764  0x284  Data  Lc  httpd-fs.o [1]
data_index_html         0x080009e8  0x378  Data  Lc  httpd-fs.o [1]
data_processes_shtml    0x080000c0   0xe4  Data  Lc  httpd-fs.o [1]
data_stats_shtml        0x08001314  0x344  Data  Lc  httpd-fs.o [1]
data_style_css          0x08000d60  0x404  Data  Lc  httpd-fs.o [1]
data_tcp_shtml          0x08001164   0xe0  Data  Lc  httpd-fs.o [1]
error_cnt               0x20000528    0x4  Data  Lc  errors.o [1]
error_state             0x2000052c    0x4  Data  Lc  errors.o [1]
established             0x08004d28    0xc  Data  Lc  httpd-cgi.o [1]
exit                    0x08004e23    0x8  Code  Gb  exit.o [3]
file                    0x08004cf0    0x8  Data  Lc  httpd-cgi.o [1]
file_404_html           0x08001668   0x10  Data  Gb  httpd-fs.o [1]
file_fade_png           0x080016d8   0x10  Data  Gb  httpd-fs.o [1]
file_files_shtml        0x08001678   0x10  Data  Gb  httpd-fs.o [1]
file_footer_html        0x08001688   0x10  Data  Gb  httpd-fs.o [1]
file_header_html        0x08001698   0x10  Data  Gb  httpd-fs.o [1]
file_index_html         0x080016a8   0x10  Data  Gb  httpd-fs.o [1]
file_processes_shtml    0x08001658   0x10  Data  Gb  httpd-fs.o [1]
file_stats              0x08002a07   0x34  Code  Lc  httpd-cgi.o [1]
file_stats_shtml        0x080016e8   0x10  Data  Gb  httpd-fs.o [1]
file_style_css          0x080016b8   0x10  Data  Gb  httpd-fs.o [1]
file_tcp_shtml          0x080016c8   0x10  Data  Gb  httpd-fs.o [1]
fin_wait_1              0x08004d34    0xc  Data  Lc  httpd-cgi.o [1]
fin_wait_2              0x08004d40    0xc  Data  Lc  httpd-cgi.o [1]
generate_file_stats     0x080029ef   0x18  Code  Lc  httpd-cgi.o [1]
generate_part_of_file   0x0800215d   0x2a  Code  Lc  httpd.o [1]
generate_tcp_stats      0x08002a3d   0xa6  Code  Lc  httpd-cgi.o [1]
handle_connection       0x0800259d   0x18  Code  Lc  httpd.o [1]
handle_input            0x080024cf   0xc4  Code  Lc  httpd.o [1]
handle_output           0x08002411   0xbe  Code  Lc  httpd.o [1]
handle_script           0x080021cb  0x10c  Code  Lc  httpd.o [1]
htons                   0x080020d9    0xa  Code  Gb  uip.o [1]
http_404_html           0x08004af4    0xc  Data  Gb  http-strings.o [1]
http_content_type_binary
                        0x08004c6c   0x2c  Data  Gb  http-strings.o [1]
http_content_type_css   0x08004bf8   0x1c  Data  Gb  http-strings.o [1]
http_content_type_gif   0x08004c30   0x1c  Data  Gb  http-strings.o [1]
http_content_type_html  0x08004bdc   0x1c  Data  Gb  http-strings.o [1]
http_content_type_jpg   0x08004c4c   0x20  Data  Gb  http-strings.o [1]
http_content_type_plain
                        0x08004bbc   0x20  Data  Gb  http-strings.o [1]
http_content_type_png   0x08004c14   0x1c  Data  Gb  http-strings.o [1]
http_css                0x08004ca8    0x8  Data  Gb  http-strings.o [1]
http_get                0x08004ae0    0x8  Data  Gb  http-strings.o [1]
http_gif                0x08004cb8    0x8  Data  Gb  http-strings.o [1]
http_header_200         0x08004b0c   0x54  Data  Gb  http-strings.o [1]
http_header_404         0x08004b60   0x5c  Data  Gb  http-strings.o [1]
http_html               0x08004c98    0x8  Data  Gb  http-strings.o [1]
http_index_html         0x08004ae8    0xc  Data  Gb  http-strings.o [1]
http_jpg                0x08004cc0    0x8  Data  Gb  http-strings.o [1]
http_png                0x08004cb0    0x8  Data  Gb  http-strings.o [1]
http_referer            0x08004b00    0xc  Data  Gb  http-strings.o [1]
http_shtml              0x08004ca0    0x8  Data  Gb  http-strings.o [1]
httpd_appcall           0x080025b5   0x62  Code  Gb  httpd.o [1]
httpd_cgi               0x080029bf   0x30  Code  Gb  httpd-cgi.o [1]
httpd_fs_count          0x08002989   0x2c  Code  Gb  httpd-fs.o [1]
httpd_fs_open           0x0800294b   0x3e  Code  Gb  httpd-fs.o [1]
httpd_fs_strcmp         0x08002925   0x26  Code  Lc  httpd-fs.o [1]
httpd_init              0x08002665    0xc  Code  Gb  httpd.o [1]
i                       0x20000430    0x1  Data  Lc  uip_arp.o [1]
ipaddr                  0x2000000c    0x4  Data  Gb  main.o [1]
ipaddr                  0x20000434    0x4  Data  Lc  uip_arp.o [1]
ipid                    0x200004ac    0x2  Data  Lc  uip.o [1]
iss                     0x20000498    0x4  Data  Lc  uip.o [1]
last_ack                0x08004d60    0xc  Data  Lc  httpd-cgi.o [1]
lastport                0x200004ae    0x2  Data  Lc  uip.o [1]
macaddr                 0x20000014    0x8  Data  Gb  main.o [1]
macphy_clearbit         0x08003445    0xe  Code  Gb  macphy.o [1]
macphy_eth_readreg      0x08003477    0xe  Code  Gb  macphy.o [1]
macphy_init             0x080032a5  0x158  Code  Gb  macphy.o [1]
macphy_pktcnt           0x08003425   0x10  Code  Gb  macphy.o [1]
macphy_readpkt          0x080034ef   0xc0  Code  Gb  macphy.o [1]
macphy_reset            0x0800349b   0x16  Code  Gb  macphy.o [1]
macphy_sendpkt          0x080035b9  0x11a  Code  Gb  macphy.o [1]
macphy_setbank          0x080034b1   0x3e  Code  Gb  macphy.o [1]
macphy_setbit           0x08003435   0x10  Code  Gb  macphy.o [1]
macphy_startrx          0x08003419    0xc  Code  Gb  macphy.o [1]
macphy_writereg         0x08003467   0x10  Code  Gb  macphy.o [1]
main                    0x080046d9  0x206  Code  Gb  main.o [1]
memcpy                  0x08002683   0x18  Code  Gb  mem.o [1]
memset                  0x08002671   0x12  Code  Gb  mem.o [1]
net                     0x08004d00    0x8  Data  Lc  httpd-cgi.o [1]
net_stats               0x08002b51    0x2  Code  Lc  httpd-cgi.o [1]
nullfunction            0x080029bd    0x2  Code  Lc  httpd-cgi.o [1]
periodic_timer          0x2000001c    0x8  Data  Gb  main.o [1]
pkt_buf                 0x20000094  0x1fc  Data  Gb  macphy.o [1]
psock_datalen           0x080027ef    0xa  Code  Gb  psock.o [1]
psock_generator_send    0x08002789   0x66  Code  Gb  psock.o [1]
psock_init              0x08002905   0x1e  Code  Gb  psock.o [1]
psock_newdata           0x080027f9   0x26  Code  Gb  psock.o [1]
psock_readto            0x0800281f   0xd6  Code  Gb  psock.o [1]
psock_send              0x0800273d   0x4c  Code  Gb  psock.o [1]
ptr_BUF_type            0x20000010    0x4  Data  Gb  main.o [1]
rev_ID                  0x200004fb    0x1  Data  Gb  macphy.o [1]
send_data               0x080026cb   0x34  Code  Lc  psock.o [1]
send_file               0x08002187   0x44  Code  Lc  httpd.o [1]
send_headers            0x080022d7  0x12c  Code  Lc  httpd.o [1]
snprintf                0x08002c55   0x48  Code  Gb  snprintf.o [3]
spi_ss                  0x08003b0b   0x12  Code  Gb  config.o [1]
spi_txrx                0x08003afd    0xe  Code  Gb  config.o [1]
states                  0x2000002c   0x24  Data  Lc  httpd-cgi.o [1]
strchr                  0x08002bf7   0x18  Code  Gb  string.o [1]
strcpy                  0x08002c3f   0x16  Code  Gb  string.o [1]
strlen                  0x08002bbd   0x16  Code  Gb  string.o [1]
strncmp                 0x08002bd3   0x24  Code  Gb  string.o [1]
strncpy                 0x08002c0f   0x1c  Code  Gb  string.o [1]
strrchr                 0x08002c2b   0x14  Code  Gb  string.o [1]
syn_rcvd                0x08004d10    0xc  Data  Lc  httpd-cgi.o [1]
syn_sent                0x08004d1c    0xc  Data  Lc  httpd-cgi.o [1]
tcp                     0x08004cf8    0x8  Data  Lc  httpd-cgi.o [1]
tcp_stats               0x08002ae3   0x4c  Code  Lc  httpd-cgi.o [1]
time_wait               0x08004d54    0xc  Data  Lc  httpd-cgi.o [1]
timer_expired           0x08004ac7   0x18  Code  Gb  timer.o [1]
timer_reset             0x08004ab5    0xa  Code  Gb  timer.o [1]
timer_set               0x08004aad    0x8  Code  Gb  timer.o [1]
uip_acc32               0x2000049c    0x4  Data  Gb  uip.o [1]
uip_add32               0x080016f9   0x4e  Code  Gb  uip.o [1]
uip_add_rcv_nxt         0x08001817   0x28  Code  Lc  uip.o [1]
uip_appdata             0x200004d8    0x4  Data  Gb  uip.o [1]
uip_arp_arpin           0x08004225   0xb8  Code  Gb  uip_arp.o [1]
uip_arp_init            0x08004119   0x28  Code  Gb  uip_arp.o [1]
uip_arp_out             0x080042dd  0x106  Code  Gb  uip_arp.o [1]
uip_arp_timer           0x08004141   0x40  Code  Gb  uip_arp.o [1]
uip_arp_update          0x08004181   0xa4  Code  Lc  uip_arp.o [1]
uip_buf                 0x20000090    0x4  Data  Gb  macphy.o [1]
uip_conn                0x200004e0    0x4  Data  Gb  uip.o [1]
uip_conns               0x20000290  0x1a0  Data  Gb  uip.o [1]
uip_draddr              0x2000053c    0x4  Data  Gb  uip.o [1]
uip_ethaddr             0x20000530    0x8  Data  Gb  uip.o [1]
uip_flags               0x200004a0    0x1  Data  Gb  uip.o [1]
uip_hostaddr            0x200004a4    0x4  Data  Gb  uip.o [1]
uip_init                0x080017d1   0x22  Code  Gb  uip.o [1]
uip_ipchksum            0x0800177d   0x1e  Code  Gb  uip.o [1]
uip_len                 0x200004a8    0x2  Data  Gb  uip.o [1]
uip_listen              0x080017f3   0x24  Code  Gb  uip.o [1]
uip_listenports         0x200004b0   0x28  Data  Gb  uip.o [1]
uip_netmask             0x20000540    0x4  Data  Gb  uip.o [1]
uip_process             0x08001851  0x888  Code  Gb  uip.o [1]
uip_sappdata            0x200004dc    0x4  Data  Gb  uip.o [1]
uip_send                0x080020e3   0x20  Code  Gb  uip.o [1]
uip_slen                0x200004aa    0x2  Data  Gb  uip.o [1]
uip_tcpchksum           0x0800179b   0x36  Code  Gb  uip.o [1]
uipmacaddr              0x20000000    0x8  Data  Gb  main.o [1]


[1] = D:\_WORK\GitHub\uIP_ENC28J60\IAR_EW6.7\EWARM\TIM_TimeBase\Obj
[2] = command line
[3] = dl6M_tln.a
[4] = rt6M_tl.a
[5] = shb_l.a

  13 730 bytes of readonly  code memory
   6 526 bytes of readonly  data memory
   2 372 bytes of readwrite data memory

Errors: none
Warnings: none
