###############################################################################
#
# IAR ELF Linker V7.40.2.8542/W32 for ARM                 23/Jul/2015  17:48:57
# Copyright 2007-2015 IAR Systems AB.
#
#    Output file  =  
#        D:\_WORK\GitHub\uIP_ENC28J60\IAR_EW6.7\EWARM\TIM_TimeBase\Exe\TIM_TimeBase.out
#    Map file     =  
#        D:\_WORK\GitHub\uIP_ENC28J60\IAR_EW6.7\EWARM\TIM_TimeBase\List\TIM_TimeBase.map
#    Command line =  
#        D:\_WORK\GitHub\uIP_ENC28J60\IAR_EW6.7\EWARM\TIM_TimeBase\Obj\config.o
#        D:\_WORK\GitHub\uIP_ENC28J60\IAR_EW6.7\EWARM\TIM_TimeBase\Obj\delay.o
#        D:\_WORK\GitHub\uIP_ENC28J60\IAR_EW6.7\EWARM\TIM_TimeBase\Obj\errors.o
#        D:\_WORK\GitHub\uIP_ENC28J60\IAR_EW6.7\EWARM\TIM_TimeBase\Obj\http-strings.o
#        D:\_WORK\GitHub\uIP_ENC28J60\IAR_EW6.7\EWARM\TIM_TimeBase\Obj\httpd-cgi.o
#        D:\_WORK\GitHub\uIP_ENC28J60\IAR_EW6.7\EWARM\TIM_TimeBase\Obj\httpd-fs.o
#        D:\_WORK\GitHub\uIP_ENC28J60\IAR_EW6.7\EWARM\TIM_TimeBase\Obj\httpd.o
#        D:\_WORK\GitHub\uIP_ENC28J60\IAR_EW6.7\EWARM\TIM_TimeBase\Obj\macphy.o
#        D:\_WORK\GitHub\uIP_ENC28J60\IAR_EW6.7\EWARM\TIM_TimeBase\Obj\main.o
#        D:\_WORK\GitHub\uIP_ENC28J60\IAR_EW6.7\EWARM\TIM_TimeBase\Obj\mem.o
#        D:\_WORK\GitHub\uIP_ENC28J60\IAR_EW6.7\EWARM\TIM_TimeBase\Obj\psock.o
#        D:\_WORK\GitHub\uIP_ENC28J60\IAR_EW6.7\EWARM\TIM_TimeBase\Obj\serial.o
#        D:\_WORK\GitHub\uIP_ENC28J60\IAR_EW6.7\EWARM\TIM_TimeBase\Obj\startup_stm32f0xx.o
#        D:\_WORK\GitHub\uIP_ENC28J60\IAR_EW6.7\EWARM\TIM_TimeBase\Obj\stm32f0xx_dac.o
#        D:\_WORK\GitHub\uIP_ENC28J60\IAR_EW6.7\EWARM\TIM_TimeBase\Obj\stm32f0xx_dma.o
#        D:\_WORK\GitHub\uIP_ENC28J60\IAR_EW6.7\EWARM\TIM_TimeBase\Obj\stm32f0xx_gpio.o
#        D:\_WORK\GitHub\uIP_ENC28J60\IAR_EW6.7\EWARM\TIM_TimeBase\Obj\stm32f0xx_it.o
#        D:\_WORK\GitHub\uIP_ENC28J60\IAR_EW6.7\EWARM\TIM_TimeBase\Obj\stm32f0xx_misc.o
#        D:\_WORK\GitHub\uIP_ENC28J60\IAR_EW6.7\EWARM\TIM_TimeBase\Obj\stm32f0xx_rcc.o
#        D:\_WORK\GitHub\uIP_ENC28J60\IAR_EW6.7\EWARM\TIM_TimeBase\Obj\stm32f0xx_spi.o
#        D:\_WORK\GitHub\uIP_ENC28J60\IAR_EW6.7\EWARM\TIM_TimeBase\Obj\stm32f0xx_syscfg.o
#        D:\_WORK\GitHub\uIP_ENC28J60\IAR_EW6.7\EWARM\TIM_TimeBase\Obj\stm32f0xx_tim.o
#        D:\_WORK\GitHub\uIP_ENC28J60\IAR_EW6.7\EWARM\TIM_TimeBase\Obj\stm32f0xx_usart.o
#        D:\_WORK\GitHub\uIP_ENC28J60\IAR_EW6.7\EWARM\TIM_TimeBase\Obj\string.o
#        D:\_WORK\GitHub\uIP_ENC28J60\IAR_EW6.7\EWARM\TIM_TimeBase\Obj\system_stm32f0xx.o
#        D:\_WORK\GitHub\uIP_ENC28J60\IAR_EW6.7\EWARM\TIM_TimeBase\Obj\timeout.o
#        D:\_WORK\GitHub\uIP_ENC28J60\IAR_EW6.7\EWARM\TIM_TimeBase\Obj\timer.o
#        D:\_WORK\GitHub\uIP_ENC28J60\IAR_EW6.7\EWARM\TIM_TimeBase\Obj\uip.o
#        D:\_WORK\GitHub\uIP_ENC28J60\IAR_EW6.7\EWARM\TIM_TimeBase\Obj\uip_arp.o
#        --redirect _Printf=_PrintfSmall --redirect _Scanf=_ScanfSmall -o
#        D:\_WORK\GitHub\uIP_ENC28J60\IAR_EW6.7\EWARM\TIM_TimeBase\Exe\TIM_TimeBase.out
#        --map
#        D:\_WORK\GitHub\uIP_ENC28J60\IAR_EW6.7\EWARM\TIM_TimeBase\List\TIM_TimeBase.map
#        --config
#        D:\_WORK\GitHub\uIP_ENC28J60\IAR_EW6.7\EWARM\stm32f0xx_flash.icf
#        --semihosting --entry __iar_program_start --vfe
#
###############################################################################

*******************************************************************************
*** RUNTIME MODEL ATTRIBUTES
***

CppFlavor       = *
__SystemLibrary = DLib


*******************************************************************************
*** PLACEMENT SUMMARY
***

"A1":  place at 0x08000000 { ro section .intvec };
"P1":  place in [from 0x08000000 to 0x0800ffff] { ro };
"P2":  place in [from 0x20000000 to 0x20001fff] { rw, block CSTACK, block HEAP };

  Section            Kind        Address    Size  Object
  -------            ----        -------    ----  ------
"A1":                                       0xc0
  .intvec            ro code  0x08000000    0xc0  startup_stm32f0xx.o [1]
                            - 0x080000c0    0xc0

"P1":                                     0x52a8
  .rodata            const    0x080000c0  0x1638  httpd-fs.o [1]
  .text              ro code  0x080016f8   0xa10  uip.o [1]
  .text              ro code  0x08002108    0x54  ABImemset.o [4]
  .text              ro code  0x0800215c   0x594  main.o [1]
  .text              ro code  0x080026f0    0x2a  mem.o [1]
  .text              ro code  0x0800271a    0x2a  zero_init3.o [4]
  .text              ro code  0x08002744   0x160  serial.o [1]
  .text              ro code  0x080028a4   0x514  httpd.o [1]
  .text              ro code  0x08002db8   0x39c  config.o [1]
  .text              ro code  0x08003154   0x158  system_stm32f0xx.o [1]
  .text              ro code  0x080032ac    0x18  errors.o [1]
  .text              ro code  0x080032c4   0x458  macphy.o [1]
  .text              ro code  0x0800371c    0x32  timer.o [1]
  .text              ro code  0x0800374e     0x2  startup_stm32f0xx.o [1]
  .text              ro code  0x08003750   0x2f8  uip_arp.o [1]
  .text              ro code  0x08003a48   0x1a6  stm32f0xx_usart.o [1]
  .text              ro code  0x08003bee    0xe0  I32DivModFast.o [4]
  .text              ro code  0x08003cce     0x2  startup_stm32f0xx.o [1]
  .text              ro code  0x08003cd0   0x264  psock.o [1]
  .text              ro code  0x08003f34    0x98  httpd-fs.o [1]
  .text              ro code  0x08003fcc   0x200  httpd-cgi.o [1]
  .text              ro code  0x080041cc    0x98  string.o [1]
  .text              ro code  0x08004264   0x1a4  stm32f0xx_rcc.o [1]
  .text              ro code  0x08004408    0x8a  stm32f0xx_gpio.o [1]
  .text              ro code  0x08004492     0x2  startup_stm32f0xx.o [1]
  .text              ro code  0x08004494    0x54  stm32f0xx_misc.o [1]
  .text              ro code  0x080044e8    0xe8  stm32f0xx_tim.o [1]
  .text              ro code  0x080045d0    0xac  stm32f0xx_spi.o [1]
  .text              ro code  0x0800467c     0x2  IntDivZer.o [4]
  .text              ro code  0x0800467e     0x2  startup_stm32f0xx.o [1]
  .text              ro code  0x08004680    0x48  snprintf.o [3]
  .text              ro code  0x080046c8   0x528  xprintfsmall.o [3]
  .text              ro code  0x08004bf0    0x14  strchr.o [4]
  .text              ro code  0x08004c04    0x18  memchr.o [4]
  .text              ro code  0x08004c1c   0x2c8  stm32f0xx_it.o [1]
  .rodata            const    0x08004ee4   0x1e8  http-strings.o [1]
  .rodata            const    0x080050cc    0xa4  httpd-cgi.o [1]
  .text              ro code  0x08005170    0x30  iarttio.o [5]
  .text              ro code  0x080051a0     0x8  XShttio.o [3]
  .text              ro code  0x080051a8    0x30  copy_init3.o [4]
  .text              ro code  0x080051d8    0x28  data_init.o [4]
  .iar.init_table    const    0x08005200    0x24  - Linker created -
  .text              ro code  0x08005224    0x1c  xsnprout.o [3]
  .text              ro code  0x08005240    0x1a  cmain.o [4]
  .text              ro code  0x0800525a     0x4  low_level_init.o [3]
  .text              ro code  0x0800525e     0x8  exit.o [3]
  .text              ro code  0x08005266     0x2  startup_stm32f0xx.o [1]
  .text              ro code  0x08005268     0xa  cexit.o [4]
  .text              ro code  0x08005272     0x2  startup_stm32f0xx.o [1]
  .text              ro code  0x08005274    0x14  exit.o [5]
  .text              ro code  0x08005288    0x10  startup_stm32f0xx.o [1]
  .text              ro code  0x08005298     0xc  cstartup_M.o [4]
  .text              ro code  0x080052a4     0x2  startup_stm32f0xx.o [1]
  .text              ro code  0x080052a6     0x2  startup_stm32f0xx.o [1]
  .text              ro code  0x080052a8     0x2  startup_stm32f0xx.o [1]
  .text              ro code  0x080052aa     0x2  startup_stm32f0xx.o [1]
  .text              ro code  0x080052ac     0x2  startup_stm32f0xx.o [1]
  .text              ro code  0x080052ae     0x2  startup_stm32f0xx.o [1]
  .text              ro code  0x080052b0     0x2  startup_stm32f0xx.o [1]
  .text              ro code  0x080052b2     0x2  startup_stm32f0xx.o [1]
  .text              ro code  0x080052b4     0x2  startup_stm32f0xx.o [1]
  .text              ro code  0x080052b6     0x2  startup_stm32f0xx.o [1]
  .text              ro code  0x080052b8     0x2  startup_stm32f0xx.o [1]
  .text              ro code  0x080052ba     0x2  startup_stm32f0xx.o [1]
  .text              ro code  0x080052bc     0x2  startup_stm32f0xx.o [1]
  .text              ro code  0x080052be     0x2  startup_stm32f0xx.o [1]
  .text              ro code  0x080052c0     0x2  startup_stm32f0xx.o [1]
  .text              ro code  0x080052c2     0x2  startup_stm32f0xx.o [1]
  .text              ro code  0x080052c4     0x2  startup_stm32f0xx.o [1]
  .text              ro code  0x080052c6     0x2  startup_stm32f0xx.o [1]
  .text              ro code  0x080052c8     0x2  startup_stm32f0xx.o [1]
  .rodata            const    0x080052ca     0x0  zero_init3.o [4]
  .rodata            const    0x080052ca     0x0  copy_init3.o [4]
  Initializer bytes  const    0x080052cc    0x9c  <for P2 s0>
                            - 0x08005368  0x52a8

"P2":                                      0x7f0
  P2 s0                       0x20000000    0x9c  <Init block>
    .data            inited   0x20000000    0x2c  main.o [1]
    .data            inited   0x2000002c    0x24  httpd-cgi.o [1]
    .data            inited   0x20000050    0x14  system_stm32f0xx.o [1]
    .data            inited   0x20000064    0x10  httpd-cgi.o [1]
    .data            inited   0x20000074    0x10  stm32f0xx_rcc.o [1]
    .data            inited   0x20000084     0x8  XShttio.o [3]
    .data            inited   0x2000008c     0x6  timeout.o [1]
    .data            inited   0x20000092     0x6  timeout.o [1]
    .data            inited   0x20000098     0x4  macphy.o [1]
  .bss               zero     0x2000009c   0x1fc  macphy.o [1]
  .bss               zero     0x20000298    0x68  uip_arp.o [1]
  .bss               zero     0x20000300    0x4c  uip.o [1]
  .bss               zero     0x2000034c    0x3c  uip.o [1]
  .bss               zero     0x20000388    0x17  stm32f0xx_it.o [1]
  .bss               zero     0x2000039f     0x1  macphy.o [1]
  .bss               zero     0x200003a0    0x16  stm32f0xx_it.o [1]
  .bss               zero     0x200003b8    0x14  httpd-fs.o [1]
  .bss               zero     0x200003cc     0x8  errors.o [1]
  .bss               zero     0x200003d4     0x8  uip.o [1]
  .bss               zero     0x200003dc     0x4  main.o [1]
  .bss               zero     0x200003e0     0x4  stm32f0xx_it.o [1]
  .bss               zero     0x200003e4     0x4  uip.o [1]
  .bss               zero     0x200003e8     0x4  uip.o [1]
  CSTACK                      0x200003f0   0x400  <Block>
    CSTACK           uninit   0x200003f0   0x400  <Block tail>
                            - 0x200007f0   0x7f0


*******************************************************************************
*** INIT TABLE
***

          Address     Size
          -------     ----
Zero (__iar_zero_init3)
    1 destination range, total size 0x350:
          0x2000009c  0x350

Copy (__iar_copy_init3)
    1 source range, total size 0x9c:
          0x080052cc   0x9c
    1 destination range, total size 0x9c:
          0x20000000   0x9c



*******************************************************************************
*** MODULE SUMMARY
***

    Module               ro code  ro data  rw data
    ------               -------  -------  -------
D:\_WORK\GitHub\uIP_ENC28J60\IAR_EW6.7\EWARM\TIM_TimeBase\Obj: [1]
    config.o                 924
    errors.o                  24                 8
    http-strings.o                    488
    httpd-cgi.o              512      216       52
    httpd-fs.o               152    5 688       20
    httpd.o                1 300
    macphy.o               1 112        4      513
    main.o                 1 428       44       48
    mem.o                     42
    psock.o                  612
    serial.o                 352
    startup_stm32f0xx.o      258
    stm32f0xx_gpio.o         138
    stm32f0xx_it.o           712                49
    stm32f0xx_misc.o          84
    stm32f0xx_rcc.o          420       16       16
    stm32f0xx_spi.o          172
    stm32f0xx_tim.o          232
    stm32f0xx_usart.o        422
    string.o                 152
    system_stm32f0xx.o       344       20       20
    timeout.o                          12       12
    timer.o                   50
    uip.o                  2 576               152
    uip_arp.o                760               104
    ----------------------------------------------
    Total:                12 778    6 488      994

command line: [2]
    ----------------------------------------------
    Total:

dl6M_tln.a: [3]
    XShttio.o                  8        8        8
    exit.o                     8
    low_level_init.o           4
    snprintf.o                72
    xprintfsmall.o         1 320
    xsnprout.o                28
    ----------------------------------------------
    Total:                 1 440        8        8

rt6M_tl.a: [4]
    ABImemset.o               84
    I32DivModFast.o          224
    IntDivZer.o                2
    cexit.o                   10
    cmain.o                   26
    copy_init3.o              48
    cstartup_M.o              12
    data_init.o               40
    memchr.o                  24
    strchr.o                  20
    zero_init3.o              42
    ----------------------------------------------
    Total:                   532

shb_l.a: [5]
    exit.o                    20
    iarttio.o                 48
    ----------------------------------------------
    Total:                    68

    Gaps                                         2
    Linker created                     38    1 024
--------------------------------------------------
    Grand Total:          14 818    6 534    2 028


*******************************************************************************
*** ENTRY LIST
***

Entry                      Address   Size  Type      Object
-----                      -------   ----  ----      ------
.iar.init_table$$Base   0x08005200          --   Gb  - Linker created -
.iar.init_table$$Limit  0x08005224          --   Gb  - Linker created -
?main                   0x08005241         Code  Gb  cmain.o [4]
AHBPrescTable           0x20000050   0x10  Data  Gb  system_stm32f0xx.o [1]
APBAHBPrescTable        0x20000074   0x10  Data  Lc  stm32f0xx_rcc.o [1]
BTN1_DEB_STATE          0x200003a6    0x1  Data  Gb  stm32f0xx_it.o [1]
BTN1_DELAY_FLAG         0x200003a7    0x1  Data  Gb  stm32f0xx_it.o [1]
BTN1_press_timer        0x200003b4    0x2  Data  Gb  stm32f0xx_it.o [1]
CSTACK$$Base            0x200003f0          --   Gb  - Linker created -
CSTACK$$Limit           0x200007f0          --   Gb  - Linker created -
Config                  0x08002db9   0x2c  Code  Gb  config.o [1]
Config_GPIO             0x08002de5   0xd2  Code  Gb  config.o [1]
Config_SPI2             0x08002fef   0xbe  Code  Gb  config.o [1]
Config_TIM14            0x08002f2d   0x2c  Code  Gb  config.o [1]
Config_TIM15            0x08002f59   0x26  Code  Gb  config.o [1]
Config_TIM2_cyclic_int  0x08002eb7   0x2a  Code  Gb  config.o [1]
Config_TIM3             0x08002ee1   0x32  Code  Gb  config.o [1]
Config_TIM6             0x080030b5   0x3c  Code  Gb  config.o [1]
Config_UART1            0x08002f81   0x6e  Code  Gb  config.o [1]
DMA1_Channel2_3_IRQHandler
                        0x08004c1d    0x2  Code  Gb  stm32f0xx_it.o [1]
Errors_Init             0x080032ad   0x14  Code  Gb  errors.o [1]
FLAG_1000ms             0x200003a3    0x1  Data  Gb  stm32f0xx_it.o [1]
FLAG_250ms              0x200003a1    0x1  Data  Gb  stm32f0xx_it.o [1]
FLAG_500ms              0x200003a2    0x1  Data  Gb  stm32f0xx_it.o [1]
FLAG_50ms               0x200003a0    0x1  Data  Gb  stm32f0xx_it.o [1]
FLAG_BTN1_lock          0x20000008    0x1  Data  Lc  main.o [1]
FLAG_UART_cmd_rcv       0x2000039e    0x1  Data  Gb  stm32f0xx_it.o [1]
GPIO_Init               0x08004409   0x6a  Code  Gb  stm32f0xx_gpio.o [1]
GPIO_PinAFConfig        0x08004473   0x20  Code  Gb  stm32f0xx_gpio.o [1]
HardFault_Handler       0x08004c45    0x2  Code  Gb  stm32f0xx_it.o [1]
LoadInt                 0x08004a7d   0x4c  Code  Lc  xprintfsmall.o [3]
NMI_Handler             0x08004c43    0x2  Code  Gb  stm32f0xx_it.o [1]
NVIC_Init               0x08004495   0x46  Code  Gb  stm32f0xx_misc.o [1]
PendSV_Handler          0x08004c49    0x2  Code  Gb  stm32f0xx_it.o [1]
RCC_AHBPeriphClockCmd   0x0800437d   0x14  Code  Gb  stm32f0xx_rcc.o [1]
RCC_APB1PeriphClockCmd  0x080043a5   0x14  Code  Gb  stm32f0xx_rcc.o [1]
RCC_APB1PeriphResetCmd  0x080043cd   0x14  Code  Gb  stm32f0xx_rcc.o [1]
RCC_APB2PeriphClockCmd  0x08004391   0x14  Code  Gb  stm32f0xx_rcc.o [1]
RCC_APB2PeriphResetCmd  0x080043b9   0x14  Code  Gb  stm32f0xx_rcc.o [1]
RCC_GetClocksFreq       0x08004265  0x114  Code  Gb  stm32f0xx_rcc.o [1]
Region$$Table$$Base     0x08005200          --   Gb  - Linker created -
Region$$Table$$Limit    0x08005224          --   Gb  - Linker created -
SPI_Cmd                 0x0800464f   0x14  Code  Gb  stm32f0xx_spi.o [1]
SPI_I2S_DeInit          0x080045d1   0x36  Code  Gb  stm32f0xx_spi.o [1]
SPI_Init                0x08004607   0x48  Code  Gb  stm32f0xx_spi.o [1]
SVC_Handler             0x08004c47    0x2  Code  Gb  stm32f0xx_it.o [1]
Serial_PrintByte        0x08002761   0x94  Code  Gb  serial.o [1]
Serial_PrintChar        0x08002745   0x1c  Code  Gb  serial.o [1]
Serial_PrintNumber      0x0800281b   0x84  Code  Gb  serial.o [1]
Serial_PrintString      0x080027f5   0x26  Code  Gb  serial.o [1]
SysTick_Handler         0x08004c4b    0x2  Code  Gb  stm32f0xx_it.o [1]
SystemCoreClock         0x20000060    0x4  Data  Gb  system_stm32f0xx.o [1]
SystemCoreClockUpdate   0x0800322f   0x4c  Code  Gb  system_stm32f0xx.o [1]
SystemInit              0x08003155   0xda  Code  Gb  system_stm32f0xx.o [1]
TIM2_IRQHandler         0x08004c1f   0x24  Code  Gb  stm32f0xx_it.o [1]
TIM3_IRQHandler         0x08004c4d  0x130  Code  Gb  stm32f0xx_it.o [1]
TIM_ClearITPendingBit   0x080045a5    0x6  Code  Gb  stm32f0xx_tim.o [1]
TIM_Cmd                 0x08004541   0x14  Code  Gb  stm32f0xx_tim.o [1]
TIM_DMACmd              0x080045ab   0x12  Code  Gb  stm32f0xx_tim.o [1]
TIM_GetITStatus         0x0800458f   0x16  Code  Gb  stm32f0xx_tim.o [1]
TIM_ITConfig            0x0800457d   0x12  Code  Gb  stm32f0xx_tim.o [1]
TIM_SelectOutputTrigger
                        0x080045bd   0x10  Code  Gb  stm32f0xx_tim.o [1]
TIM_TimeBaseInit        0x080044e9   0x58  Code  Gb  stm32f0xx_tim.o [1]
Timeout_istout1         0x2000008c    0x1  Data  Gb  timeout.o [1]
Timeout_istout2         0x20000092    0x1  Data  Gb  timeout.o [1]
Timeout_tout1           0x20000090    0x2  Data  Gb  timeout.o [1]
Timeout_tout2           0x20000096    0x2  Data  Gb  timeout.o [1]
Timeout_toutcnt1        0x2000008e    0x2  Data  Gb  timeout.o [1]
Timeout_toutcnt2        0x20000094    0x2  Data  Gb  timeout.o [1]
UART_CMD                0x20000388   0x14  Data  Gb  stm32f0xx_it.o [1]
UART_rcv_state          0x200003aa    0x1  Data  Gb  stm32f0xx_it.o [1]
UARTdatachksum          0x2000039d    0x1  Data  Gb  stm32f0xx_it.o [1]
UARTrcvbuffidx          0x2000039c    0x1  Data  Gb  stm32f0xx_it.o [1]
UARTtimeoutcnt          0x200003a9    0x1  Data  Gb  stm32f0xx_it.o [1]
USART1_IRQHandler       0x08004d7d  0x12a  Code  Gb  stm32f0xx_it.o [1]
USART_ClearITPendingBit
                        0x08003be5    0xa  Code  Gb  stm32f0xx_usart.o [1]
USART_Cmd               0x08003b2d   0x16  Code  Gb  stm32f0xx_usart.o [1]
USART_DeInit            0x08003a49   0x52  Code  Gb  stm32f0xx_usart.o [1]
USART_GetFlagStatus     0x08003b9f    0xe  Code  Gb  stm32f0xx_usart.o [1]
USART_GetITStatus       0x08003bad   0x38  Code  Gb  stm32f0xx_usart.o [1]
USART_ITConfig          0x08003b75   0x2a  Code  Gb  stm32f0xx_usart.o [1]
USART_Init              0x08003a9b   0x92  Code  Gb  stm32f0xx_usart.o [1]
USART_ReceiveData       0x08003b4b    0x8  Code  Gb  stm32f0xx_usart.o [1]
USART_SendData          0x08003b43    0x8  Code  Gb  stm32f0xx_usart.o [1]
_LitobSmall             0x08004ac9   0xf2  Code  Lc  xprintfsmall.o [3]
_PrintfSmall            0x080046c9  0x3a6  Code  Gb  xprintfsmall.o [3]
_PutcharsSmall          0x08004bc1   0x30  Code  Lc  xprintfsmall.o [3]
_SNProut                0x08005225   0x1c  Code  Gb  xsnprout.o [3]
__ICFEDIT_region_RAM_end__ {Abs}
                        0x20001fff          --   Gb  command line/config [2]
__ICFEDIT_region_RAM_start__ {Abs}
                        0x20000000          --   Gb  command line/config [2]
__aeabi_idiv            0x08003c1b         Code  Gb  I32DivModFast.o [4]
__aeabi_idiv0           0x0800467d         Code  Gb  IntDivZer.o [4]
__aeabi_idivmod         0x08003c1b         Code  Gb  I32DivModFast.o [4]
__aeabi_memclr4         0x08002159         Code  Gb  ABImemset.o [4]
__aeabi_memclr8         0x08002159         Code  Gb  ABImemset.o [4]
__aeabi_memset          0x08002109         Code  Gb  ABImemset.o [4]
__aeabi_uidiv           0x08003c21         Code  Gb  I32DivModFast.o [4]
__aeabi_uidivmod        0x08003c21         Code  Gb  I32DivModFast.o [4]
__cmain                 0x08005241         Code  Gb  cmain.o [4]
__exit                  0x08005275   0x14  Code  Gb  exit.o [5]
__iar_Memchr            0x08004c05   0x18  Code  Gb  memchr.o [4]
__iar_Memset4_word      0x08002129         Code  Gb  ABImemset.o [4]
__iar_Memset_word       0x08002115         Code  Gb  ABImemset.o [4]
__iar_Strchr            0x08004bf1   0x14  Code  Gb  strchr.o [4]
__iar_close_ttio        0x08005171   0x2e  Code  Gb  iarttio.o [5]
__iar_copy_init3        0x080051a9   0x30  Code  Gb  copy_init3.o [4]
__iar_data_init3        0x080051d9   0x28  Code  Gb  data_init.o [4]
__iar_lookup_ttioh      0x080051a1    0x8  Code  Gb  XShttio.o [3]
__iar_program_start     0x08005299         Code  Gb  cstartup_M.o [4]
__iar_ttio_handles      0x20000084    0x8  Data  Lc  XShttio.o [3]
__iar_zero_init3        0x0800271b   0x2a  Code  Gb  zero_init3.o [4]
__low_level_init        0x0800525b    0x4  Code  Gb  low_level_init.o [3]
__vector_table          0x08000000         Data  Gb  startup_stm32f0xx.o [1]
_call_main              0x0800524d         Code  Gb  cmain.o [4]
_exit                   0x08005269         Code  Gb  cexit.o [4]
_main                   0x08005257         Code  Gb  cmain.o [4]
arp_table               0x200002a0   0x60  Data  Gb  uip_arp.o [1]
arp_timer               0x20000024    0x8  Data  Gb  main.o [1]
arptime                 0x20000299    0x1  Data  Lc  uip_arp.o [1]
broadcast_ethaddr       0x08003a40    0x8  Data  Lc  uip_arp.o [1]
btn1_0_cnt              0x200003a4    0x1  Data  Gb  stm32f0xx_it.o [1]
btn1_1_cnt              0x200003a5    0x1  Data  Gb  stm32f0xx_it.o [1]
btn1_delay_cnt          0x200003a8    0x1  Data  Gb  stm32f0xx_it.o [1]
buf_setup               0x08003cd1    0x6  Code  Lc  psock.o [1]
c                       0x20000309    0x1  Data  Lc  uip.o [1]
calls                   0x20000064   0x10  Data  Lc  httpd-cgi.o [1]
chksum                  0x08001747   0x36  Code  Lc  uip.o [1]
clock_time              0x08003119    0x6  Code  Gb  config.o [1]
closed                  0x0800510c    0x8  Data  Lc  httpd-cgi.o [1]
closing                 0x08005150    0x8  Data  Lc  httpd-cgi.o [1]
cnt_flag_1000ms         0x200003b2    0x2  Data  Gb  stm32f0xx_it.o [1]
cnt_flag_250ms          0x200003ae    0x2  Data  Gb  stm32f0xx_it.o [1]
cnt_flag_500ms          0x200003b0    0x2  Data  Gb  stm32f0xx_it.o [1]
cnt_flag_50ms           0x200003ac    0x2  Data  Gb  stm32f0xx_it.o [1]
count                   0x200003b8   0x14  Data  Lc  httpd-fs.o [1]
current_time_sec        0x200003e0    0x4  Data  Gb  stm32f0xx_it.o [1]
data_404_html           0x080001a4   0xac  Data  Lc  httpd-fs.o [1]
data_acked              0x08003d0b   0x3e  Code  Lc  psock.o [1]
data_fade_png           0x08001244   0xd0  Data  Lc  httpd-fs.o [1]
data_files_shtml        0x08000250  0x4f4  Data  Lc  httpd-fs.o [1]
data_footer_html        0x08000744   0x20  Data  Lc  httpd-fs.o [1]
data_header_html        0x08000764  0x284  Data  Lc  httpd-fs.o [1]
data_index_html         0x080009e8  0x378  Data  Lc  httpd-fs.o [1]
data_processes_shtml    0x080000c0   0xe4  Data  Lc  httpd-fs.o [1]
data_stats_shtml        0x08001314  0x344  Data  Lc  httpd-fs.o [1]
data_style_css          0x08000d60  0x404  Data  Lc  httpd-fs.o [1]
data_tcp_shtml          0x08001164   0xe0  Data  Lc  httpd-fs.o [1]
error_cnt               0x200003cc    0x4  Data  Lc  errors.o [1]
error_state             0x200003d0    0x4  Data  Lc  errors.o [1]
established             0x0800512c    0xc  Data  Lc  httpd-cgi.o [1]
exit                    0x0800525f    0x8  Code  Gb  exit.o [3]
file                    0x080050f4    0x8  Data  Lc  httpd-cgi.o [1]
file_404_html           0x08001668   0x10  Data  Gb  httpd-fs.o [1]
file_fade_png           0x080016d8   0x10  Data  Gb  httpd-fs.o [1]
file_files_shtml        0x08001678   0x10  Data  Gb  httpd-fs.o [1]
file_footer_html        0x08001688   0x10  Data  Gb  httpd-fs.o [1]
file_header_html        0x08001698   0x10  Data  Gb  httpd-fs.o [1]
file_index_html         0x080016a8   0x10  Data  Gb  httpd-fs.o [1]
file_processes_shtml    0x08001658   0x10  Data  Gb  httpd-fs.o [1]
file_stats              0x08004017   0x34  Code  Lc  httpd-cgi.o [1]
file_stats_shtml        0x080016e8   0x10  Data  Gb  httpd-fs.o [1]
file_style_css          0x080016b8   0x10  Data  Gb  httpd-fs.o [1]
file_tcp_shtml          0x080016c8   0x10  Data  Gb  httpd-fs.o [1]
fin_wait_1              0x08005138    0xc  Data  Lc  httpd-cgi.o [1]
fin_wait_2              0x08005144    0xc  Data  Lc  httpd-cgi.o [1]
generate_file_stats     0x08003fff   0x18  Code  Lc  httpd-cgi.o [1]
generate_part_of_file   0x080028a5   0x2a  Code  Lc  httpd.o [1]
generate_tcp_stats      0x0800404d   0xa6  Code  Lc  httpd-cgi.o [1]
handle_connection       0x08002ce5   0x18  Code  Lc  httpd.o [1]
handle_input            0x08002c17   0xc4  Code  Lc  httpd.o [1]
handle_output           0x08002b59   0xbe  Code  Lc  httpd.o [1]
handle_script           0x08002913  0x10c  Code  Lc  httpd.o [1]
htons                   0x080020d9    0xa  Code  Gb  uip.o [1]
http_404_html           0x08004ef8    0xc  Data  Gb  http-strings.o [1]
http_content_type_binary
                        0x08005070   0x2c  Data  Gb  http-strings.o [1]
http_content_type_css   0x08004ffc   0x1c  Data  Gb  http-strings.o [1]
http_content_type_gif   0x08005034   0x1c  Data  Gb  http-strings.o [1]
http_content_type_html  0x08004fe0   0x1c  Data  Gb  http-strings.o [1]
http_content_type_jpg   0x08005050   0x20  Data  Gb  http-strings.o [1]
http_content_type_plain
                        0x08004fc0   0x20  Data  Gb  http-strings.o [1]
http_content_type_png   0x08005018   0x1c  Data  Gb  http-strings.o [1]
http_css                0x080050ac    0x8  Data  Gb  http-strings.o [1]
http_get                0x08004ee4    0x8  Data  Gb  http-strings.o [1]
http_gif                0x080050bc    0x8  Data  Gb  http-strings.o [1]
http_header_200         0x08004f10   0x54  Data  Gb  http-strings.o [1]
http_header_404         0x08004f64   0x5c  Data  Gb  http-strings.o [1]
http_html               0x0800509c    0x8  Data  Gb  http-strings.o [1]
http_index_html         0x08004eec    0xc  Data  Gb  http-strings.o [1]
http_jpg                0x080050c4    0x8  Data  Gb  http-strings.o [1]
http_png                0x080050b4    0x8  Data  Gb  http-strings.o [1]
http_referer            0x08004f04    0xc  Data  Gb  http-strings.o [1]
http_shtml              0x080050a4    0x8  Data  Gb  http-strings.o [1]
httpd_appcall           0x08002cfd   0x62  Code  Gb  httpd.o [1]
httpd_cgi               0x08003fcf   0x30  Code  Gb  httpd-cgi.o [1]
httpd_fs_count          0x08003f99   0x2c  Code  Gb  httpd-fs.o [1]
httpd_fs_open           0x08003f5b   0x3e  Code  Gb  httpd-fs.o [1]
httpd_fs_strcmp         0x08003f35   0x26  Code  Lc  httpd-fs.o [1]
httpd_init              0x08002dad    0xc  Code  Gb  httpd.o [1]
i                       0x20000298    0x1  Data  Lc  uip_arp.o [1]
ipaddr                  0x2000000c    0x4  Data  Gb  main.o [1]
ipaddr                  0x2000029c    0x4  Data  Lc  uip_arp.o [1]
ipid                    0x20000314    0x2  Data  Lc  uip.o [1]
iss                     0x20000300    0x4  Data  Lc  uip.o [1]
last_ack                0x08005164    0xc  Data  Lc  httpd-cgi.o [1]
lastport                0x20000316    0x2  Data  Lc  uip.o [1]
macaddr                 0x20000014    0x8  Data  Gb  main.o [1]
macphy_clearbit         0x08003465    0xe  Code  Gb  macphy.o [1]
macphy_eth_readreg      0x08003497    0xe  Code  Gb  macphy.o [1]
macphy_init             0x080032c5  0x158  Code  Gb  macphy.o [1]
macphy_pktcnt           0x08003445   0x10  Code  Gb  macphy.o [1]
macphy_readpkt          0x0800350f   0xc0  Code  Gb  macphy.o [1]
macphy_reset            0x080034bb   0x16  Code  Gb  macphy.o [1]
macphy_sendpkt          0x080035d9  0x11a  Code  Gb  macphy.o [1]
macphy_setbank          0x080034d1   0x3e  Code  Gb  macphy.o [1]
macphy_setbit           0x08003455   0x10  Code  Gb  macphy.o [1]
macphy_startrx          0x08003439    0xc  Code  Gb  macphy.o [1]
macphy_writereg         0x08003487   0x10  Code  Gb  macphy.o [1]
main                    0x0800248d  0x206  Code  Gb  main.o [1]
memcpy                  0x08002703   0x18  Code  Gb  mem.o [1]
memset                  0x080026f1   0x12  Code  Gb  mem.o [1]
net                     0x08005104    0x8  Data  Lc  httpd-cgi.o [1]
net_stats               0x08004161    0x2  Code  Lc  httpd-cgi.o [1]
nullfunction            0x08003fcd    0x2  Code  Lc  httpd-cgi.o [1]
periodic_timer          0x2000001c    0x8  Data  Gb  main.o [1]
pkt_buf                 0x2000009c  0x1fc  Data  Gb  macphy.o [1]
psock_datalen           0x08003dfb    0xa  Code  Gb  psock.o [1]
psock_generator_send    0x08003d95   0x66  Code  Gb  psock.o [1]
psock_init              0x08003f15   0x1e  Code  Gb  psock.o [1]
psock_newdata           0x08003e05   0x26  Code  Gb  psock.o [1]
psock_readto            0x08003e2b   0xd6  Code  Gb  psock.o [1]
psock_send              0x08003d49   0x4c  Code  Gb  psock.o [1]
ptr_BUF_type            0x20000010    0x4  Data  Gb  main.o [1]
rev_ID                  0x2000039f    0x1  Data  Gb  macphy.o [1]
send_data               0x08003cd7   0x34  Code  Lc  psock.o [1]
send_file               0x080028cf   0x44  Code  Lc  httpd.o [1]
send_headers            0x08002a1f  0x12c  Code  Lc  httpd.o [1]
snprintf                0x08004681   0x48  Code  Gb  snprintf.o [3]
spi_ss                  0x08003107   0x12  Code  Gb  config.o [1]
spi_txrx                0x080030f9    0xe  Code  Gb  config.o [1]
states                  0x2000002c   0x24  Data  Lc  httpd-cgi.o [1]
strchr                  0x08004207   0x18  Code  Gb  string.o [1]
strcpy                  0x0800424f   0x16  Code  Gb  string.o [1]
strlen                  0x080041cd   0x16  Code  Gb  string.o [1]
strncmp                 0x080041e3   0x24  Code  Gb  string.o [1]
strncpy                 0x0800421f   0x1c  Code  Gb  string.o [1]
strrchr                 0x0800423b   0x14  Code  Gb  string.o [1]
syn_rcvd                0x08005114    0xc  Data  Lc  httpd-cgi.o [1]
syn_sent                0x08005120    0xc  Data  Lc  httpd-cgi.o [1]
tcp                     0x080050fc    0x8  Data  Lc  httpd-cgi.o [1]
tcp_stats               0x080040f3   0x4c  Code  Lc  httpd-cgi.o [1]
time_wait               0x08005158    0xc  Data  Lc  httpd-cgi.o [1]
timer_expired           0x08003737   0x18  Code  Gb  timer.o [1]
timer_reset             0x08003725    0xa  Code  Gb  timer.o [1]
timer_set               0x0800371d    0x8  Code  Gb  timer.o [1]
uip_acc32               0x20000304    0x4  Data  Gb  uip.o [1]
uip_add32               0x080016f9   0x4e  Code  Gb  uip.o [1]
uip_add_rcv_nxt         0x08001815   0x28  Code  Lc  uip.o [1]
uip_appdata             0x20000340    0x4  Data  Gb  uip.o [1]
uip_arp_arpin           0x0800385d   0xb8  Code  Gb  uip_arp.o [1]
uip_arp_init            0x08003751   0x28  Code  Gb  uip_arp.o [1]
uip_arp_out             0x08003915  0x106  Code  Gb  uip_arp.o [1]
uip_arp_timer           0x08003779   0x40  Code  Gb  uip_arp.o [1]
uip_arp_update          0x080037b9   0xa4  Code  Lc  uip_arp.o [1]
uip_buf                 0x20000098    0x4  Data  Gb  macphy.o [1]
uip_callback            0x0800215d  0x244  Code  Gb  main.o [1]
uip_conn                0x20000348    0x4  Data  Gb  uip.o [1]
uip_conns               0x2000034c   0x3c  Data  Gb  uip.o [1]
uip_draddr              0x200003e4    0x4  Data  Gb  uip.o [1]
uip_ethaddr             0x200003d4    0x8  Data  Gb  uip.o [1]
uip_flags               0x20000308    0x1  Data  Gb  uip.o [1]
uip_hostaddr            0x2000030c    0x4  Data  Gb  uip.o [1]
uip_init                0x080017d1   0x20  Code  Gb  uip.o [1]
uip_ipchksum            0x0800177d   0x1e  Code  Gb  uip.o [1]
uip_len                 0x20000310    0x2  Data  Gb  uip.o [1]
uip_listen              0x080017f1   0x24  Code  Gb  uip.o [1]
uip_listenports         0x20000318   0x28  Data  Gb  uip.o [1]
uip_netmask             0x200003e8    0x4  Data  Gb  uip.o [1]
uip_process             0x08001851  0x888  Code  Gb  uip.o [1]
uip_sappdata            0x20000344    0x4  Data  Gb  uip.o [1]
uip_send                0x080020e3   0x20  Code  Gb  uip.o [1]
uip_slen                0x20000312    0x2  Data  Gb  uip.o [1]
uip_tcpchksum           0x0800179b   0x36  Code  Gb  uip.o [1]
uipmacaddr              0x20000000    0x8  Data  Gb  main.o [1]
xmitlen                 0x200003dc    0x4  Data  Gb  main.o [1]


[1] = D:\_WORK\GitHub\uIP_ENC28J60\IAR_EW6.7\EWARM\TIM_TimeBase\Obj
[2] = command line
[3] = dl6M_tln.a
[4] = rt6M_tl.a
[5] = shb_l.a

  14 818 bytes of readonly  code memory
   6 534 bytes of readonly  data memory
   2 028 bytes of readwrite data memory

Errors: none
Warnings: none
