###############################################################################
#
# IAR ELF Linker V7.40.2.8542/W32 for ARM                 24/Jan/2016  22:22:37
# Copyright 2007-2015 IAR Systems AB.
#
#    Output file  =  
#        D:\_WORK\GitHub\uIP_ENC28J60\IAR_EW6.7\EWARM\TIM_TimeBase\Exe\TIM_TimeBase.out
#    Map file     =  
#        D:\_WORK\GitHub\uIP_ENC28J60\IAR_EW6.7\EWARM\TIM_TimeBase\List\TIM_TimeBase.map
#    Command line =  
#        D:\_WORK\GitHub\uIP_ENC28J60\IAR_EW6.7\EWARM\TIM_TimeBase\Obj\config.o
#        D:\_WORK\GitHub\uIP_ENC28J60\IAR_EW6.7\EWARM\TIM_TimeBase\Obj\delay.o
#        D:\_WORK\GitHub\uIP_ENC28J60\IAR_EW6.7\EWARM\TIM_TimeBase\Obj\errors.o
#        D:\_WORK\GitHub\uIP_ENC28J60\IAR_EW6.7\EWARM\TIM_TimeBase\Obj\http-strings.o
#        D:\_WORK\GitHub\uIP_ENC28J60\IAR_EW6.7\EWARM\TIM_TimeBase\Obj\httpd-cgi.o
#        D:\_WORK\GitHub\uIP_ENC28J60\IAR_EW6.7\EWARM\TIM_TimeBase\Obj\httpd-fs.o
#        D:\_WORK\GitHub\uIP_ENC28J60\IAR_EW6.7\EWARM\TIM_TimeBase\Obj\httpd.o
#        D:\_WORK\GitHub\uIP_ENC28J60\IAR_EW6.7\EWARM\TIM_TimeBase\Obj\macphy.o
#        D:\_WORK\GitHub\uIP_ENC28J60\IAR_EW6.7\EWARM\TIM_TimeBase\Obj\main.o
#        D:\_WORK\GitHub\uIP_ENC28J60\IAR_EW6.7\EWARM\TIM_TimeBase\Obj\mem.o
#        D:\_WORK\GitHub\uIP_ENC28J60\IAR_EW6.7\EWARM\TIM_TimeBase\Obj\psock.o
#        D:\_WORK\GitHub\uIP_ENC28J60\IAR_EW6.7\EWARM\TIM_TimeBase\Obj\serial.o
#        D:\_WORK\GitHub\uIP_ENC28J60\IAR_EW6.7\EWARM\TIM_TimeBase\Obj\startup_stm32f0xx.o
#        D:\_WORK\GitHub\uIP_ENC28J60\IAR_EW6.7\EWARM\TIM_TimeBase\Obj\stm32f0xx_dac.o
#        D:\_WORK\GitHub\uIP_ENC28J60\IAR_EW6.7\EWARM\TIM_TimeBase\Obj\stm32f0xx_dma.o
#        D:\_WORK\GitHub\uIP_ENC28J60\IAR_EW6.7\EWARM\TIM_TimeBase\Obj\stm32f0xx_gpio.o
#        D:\_WORK\GitHub\uIP_ENC28J60\IAR_EW6.7\EWARM\TIM_TimeBase\Obj\stm32f0xx_it.o
#        D:\_WORK\GitHub\uIP_ENC28J60\IAR_EW6.7\EWARM\TIM_TimeBase\Obj\stm32f0xx_misc.o
#        D:\_WORK\GitHub\uIP_ENC28J60\IAR_EW6.7\EWARM\TIM_TimeBase\Obj\stm32f0xx_rcc.o
#        D:\_WORK\GitHub\uIP_ENC28J60\IAR_EW6.7\EWARM\TIM_TimeBase\Obj\stm32f0xx_spi.o
#        D:\_WORK\GitHub\uIP_ENC28J60\IAR_EW6.7\EWARM\TIM_TimeBase\Obj\stm32f0xx_syscfg.o
#        D:\_WORK\GitHub\uIP_ENC28J60\IAR_EW6.7\EWARM\TIM_TimeBase\Obj\stm32f0xx_tim.o
#        D:\_WORK\GitHub\uIP_ENC28J60\IAR_EW6.7\EWARM\TIM_TimeBase\Obj\stm32f0xx_usart.o
#        D:\_WORK\GitHub\uIP_ENC28J60\IAR_EW6.7\EWARM\TIM_TimeBase\Obj\string.o
#        D:\_WORK\GitHub\uIP_ENC28J60\IAR_EW6.7\EWARM\TIM_TimeBase\Obj\system_stm32f0xx.o
#        D:\_WORK\GitHub\uIP_ENC28J60\IAR_EW6.7\EWARM\TIM_TimeBase\Obj\timeout.o
#        D:\_WORK\GitHub\uIP_ENC28J60\IAR_EW6.7\EWARM\TIM_TimeBase\Obj\timer.o
#        D:\_WORK\GitHub\uIP_ENC28J60\IAR_EW6.7\EWARM\TIM_TimeBase\Obj\uip.o
#        D:\_WORK\GitHub\uIP_ENC28J60\IAR_EW6.7\EWARM\TIM_TimeBase\Obj\uip_arp.o
#        --redirect _Printf=_PrintfSmall --redirect _Scanf=_ScanfSmall -o
#        D:\_WORK\GitHub\uIP_ENC28J60\IAR_EW6.7\EWARM\TIM_TimeBase\Exe\TIM_TimeBase.out
#        --map
#        D:\_WORK\GitHub\uIP_ENC28J60\IAR_EW6.7\EWARM\TIM_TimeBase\List\TIM_TimeBase.map
#        --config
#        D:\_WORK\GitHub\uIP_ENC28J60\IAR_EW6.7\EWARM\stm32f0xx_flash.icf
#        --semihosting --entry __iar_program_start --vfe
#
###############################################################################

*******************************************************************************
*** RUNTIME MODEL ATTRIBUTES
***

CppFlavor       = *
__SystemLibrary = DLib


*******************************************************************************
*** PLACEMENT SUMMARY
***

"A1":  place at 0x08000000 { ro section .intvec };
"P1":  place in [from 0x08000000 to 0x0800ffff] { ro };
"P2":  place in [from 0x20000000 to 0x20001fff] { rw, block CSTACK, block HEAP };

  Section            Kind        Address    Size  Object
  -------            ----        -------    ----  ------
"A1":                                       0xc0
  .intvec            ro code  0x08000000    0xc0  startup_stm32f0xx.o [1]
                            - 0x080000c0    0xc0

"P1":                                     0x5e04
  .rodata            const    0x080000c0  0x227c  httpd-fs.o [1]
  .text              ro code  0x0800233c   0xa74  uip.o [1]
  .text              ro code  0x08002db0    0x54  ABImemset.o [4]
  .text              ro code  0x08002e04   0x514  httpd.o [1]
  .text              ro code  0x08003318   0x144  serial.o [1]
  .text              ro code  0x0800345c    0x2a  mem.o [1]
  .text              ro code  0x08003486    0x2a  zero_init3.o [4]
  .text              ro code  0x080034b0   0x25e  psock.o [1]
  .text              ro code  0x0800370e     0x2  startup_stm32f0xx.o [1]
  .text              ro code  0x08003710    0x98  httpd-fs.o [1]
  .text              ro code  0x080037a8   0x200  httpd-cgi.o [1]
  .text              ro code  0x080039a8    0x98  string.o [1]
  .text              ro code  0x08003a40   0x1a6  stm32f0xx_usart.o [1]
  .text              ro code  0x08003be6    0xe0  I32DivModFast.o [4]
  .text              ro code  0x08003cc6     0x2  startup_stm32f0xx.o [1]
  .text              ro code  0x08003cc8    0x48  snprintf.o [3]
  .text              ro code  0x08003d10   0x1a4  stm32f0xx_rcc.o [1]
  .text              ro code  0x08003eb4     0x2  IntDivZer.o [4]
  .text              ro code  0x08003eb6     0x2  startup_stm32f0xx.o [1]
  .text              ro code  0x08003eb8   0x528  xprintfsmall.o [3]
  .text              ro code  0x080043e0    0x14  strchr.o [4]
  .text              ro code  0x080043f4    0x18  memchr.o [4]
  .text              ro code  0x0800440c   0x5f0  macphy.o [1]
  .text              ro code  0x080049fc   0x350  config.o [1]
  .text              ro code  0x08004d4c    0x8a  stm32f0xx_gpio.o [1]
  .text              ro code  0x08004dd6     0x2  startup_stm32f0xx.o [1]
  .text              ro code  0x08004dd8    0x54  stm32f0xx_misc.o [1]
  .text              ro code  0x08004e2c    0xc2  stm32f0xx_tim.o [1]
  .text              ro code  0x08004eee     0x2  startup_stm32f0xx.o [1]
  .text              ro code  0x08004ef0    0xac  stm32f0xx_spi.o [1]
  .text              ro code  0x08004f9c   0x2f8  uip_arp.o [1]
  .text              ro code  0x08005294   0x2c8  stm32f0xx_it.o [1]
  .text              ro code  0x0800555c   0x27c  main.o [1]
  .text              ro code  0x080057d8   0x158  system_stm32f0xx.o [1]
  .text              ro code  0x08005930    0x18  errors.o [1]
  .text              ro code  0x08005948    0x32  timer.o [1]
  .text              ro code  0x0800597a     0x2  startup_stm32f0xx.o [1]
  .rodata            const    0x0800597c   0x1e8  http-strings.o [1]
  .rodata            const    0x08005b64   0x118  uip.o [1]
  .rodata            const    0x08005c7c    0xa4  httpd-cgi.o [1]
  .text              ro code  0x08005d20    0x30  copy_init3.o [4]
  .text              ro code  0x08005d50    0x28  data_init.o [4]
  .iar.init_table    const    0x08005d78    0x24  - Linker created -
  .text              ro code  0x08005d9c    0x1c  xsnprout.o [3]
  .text              ro code  0x08005db8    0x1a  cmain.o [4]
  .text              ro code  0x08005dd2     0x4  low_level_init.o [3]
  .text              ro code  0x08005dd6     0x8  exit.o [3]
  .text              ro code  0x08005dde     0x2  startup_stm32f0xx.o [1]
  .text              ro code  0x08005de0     0xa  cexit.o [4]
  .text              ro code  0x08005dea     0x2  startup_stm32f0xx.o [1]
  .text              ro code  0x08005dec    0x14  exit.o [5]
  .text              ro code  0x08005e00    0x10  startup_stm32f0xx.o [1]
  .rodata            const    0x08005e10     0xc  main.o [1]
  .text              ro code  0x08005e1c     0xc  cstartup_M.o [4]
  .text              ro code  0x08005e28     0x2  startup_stm32f0xx.o [1]
  .text              ro code  0x08005e2a     0x2  startup_stm32f0xx.o [1]
  .text              ro code  0x08005e2c     0x2  startup_stm32f0xx.o [1]
  .text              ro code  0x08005e2e     0x2  startup_stm32f0xx.o [1]
  .text              ro code  0x08005e30     0x2  startup_stm32f0xx.o [1]
  .text              ro code  0x08005e32     0x2  startup_stm32f0xx.o [1]
  .text              ro code  0x08005e34     0x2  startup_stm32f0xx.o [1]
  .text              ro code  0x08005e36     0x2  startup_stm32f0xx.o [1]
  .text              ro code  0x08005e38     0x2  startup_stm32f0xx.o [1]
  .text              ro code  0x08005e3a     0x2  startup_stm32f0xx.o [1]
  .text              ro code  0x08005e3c     0x2  startup_stm32f0xx.o [1]
  .text              ro code  0x08005e3e     0x2  startup_stm32f0xx.o [1]
  .text              ro code  0x08005e40     0x2  startup_stm32f0xx.o [1]
  .text              ro code  0x08005e42     0x2  startup_stm32f0xx.o [1]
  .text              ro code  0x08005e44     0x2  startup_stm32f0xx.o [1]
  .text              ro code  0x08005e46     0x2  startup_stm32f0xx.o [1]
  .text              ro code  0x08005e48     0x2  startup_stm32f0xx.o [1]
  .rodata            const    0x08005e4a     0x0  zero_init3.o [4]
  .rodata            const    0x08005e4a     0x0  copy_init3.o [4]
  Initializer bytes  const    0x08005e4c    0x78  <for P2 s0>
                            - 0x08005ec4  0x5e04

"P2":                                      0xd48
  P2 s0                       0x20000000    0x78  <Init block>
    .data            inited   0x20000000    0x24  httpd-cgi.o [1]
    .data            inited   0x20000024    0x14  system_stm32f0xx.o [1]
    .data            inited   0x20000038    0x10  httpd-cgi.o [1]
    .data            inited   0x20000048    0x10  stm32f0xx_rcc.o [1]
    .data            inited   0x20000058     0x8  main.o [1]
    .data            inited   0x20000060     0x8  main.o [1]
    .data            inited   0x20000068     0x6  timeout.o [1]
    .data            inited   0x2000006e     0x6  timeout.o [1]
    .data            inited   0x20000074     0x4  macphy.o [1]
  .bss               zero     0x20000078   0x1fc  macphy.o [1]
  .bss               zero     0x20000274   0x1a0  uip.o [1]
  .bss               zero     0x20000414    0x68  uip_arp.o [1]
  .bss               zero     0x2000047c    0x4c  uip.o [1]
  .bss               zero     0x200004c8    0x18  httpd-fs.o [1]
  .bss               zero     0x200004e0    0x17  stm32f0xx_it.o [1]
  .bss               zero     0x200004f7     0x1  macphy.o [1]
  .bss               zero     0x200004f8    0x16  stm32f0xx_it.o [1]
  .bss               zero     0x2000050e     0x1  main.o [1]
  .bss               zero     0x20000510     0x8  errors.o [1]
  .bss               zero     0x20000518     0x8  main.o [1]
  .bss               zero     0x20000520     0x8  main.o [1]
  .bss               zero     0x20000528     0x8  uip.o [1]
  .bss               zero     0x20000530     0x4  main.o [1]
  .bss               zero     0x20000534     0x4  main.o [1]
  .bss               zero     0x20000538     0x4  stm32f0xx_it.o [1]
  .bss               zero     0x2000053c     0x4  uip.o [1]
  .bss               zero     0x20000540     0x4  uip.o [1]
  CSTACK                      0x20000548   0x800  <Block>
    CSTACK           uninit   0x20000548   0x800  <Block tail>
                            - 0x20000d48   0xd48


*******************************************************************************
*** INIT TABLE
***

          Address     Size
          -------     ----
Zero (__iar_zero_init3)
    1 destination range, total size 0x4cc:
          0x20000078  0x4cc

Copy (__iar_copy_init3)
    1 source range, total size 0x78:
          0x08005e4c   0x78
    1 destination range, total size 0x78:
          0x20000000   0x78



*******************************************************************************
*** MODULE SUMMARY
***

    Module               ro code  ro data  rw data
    ------               -------  -------  -------
D:\_WORK\GitHub\uIP_ENC28J60\IAR_EW6.7\EWARM\TIM_TimeBase\Obj: [1]
    config.o                 848
    errors.o                  24                 8
    http-strings.o                    488
    httpd-cgi.o              512      216       52
    httpd-fs.o               152    8 828       24
    httpd.o                1 300
    macphy.o               1 520        4      513
    main.o                   636       28       41
    mem.o                     42
    psock.o                  606
    serial.o                 324
    startup_stm32f0xx.o      258
    stm32f0xx_gpio.o         138
    stm32f0xx_it.o           712                49
    stm32f0xx_misc.o          84
    stm32f0xx_rcc.o          420       16       16
    stm32f0xx_spi.o          172
    stm32f0xx_tim.o          194
    stm32f0xx_usart.o        422
    string.o                 152
    system_stm32f0xx.o       344       20       20
    timeout.o                          12       12
    timer.o                   50
    uip.o                  2 676      280      508
    uip_arp.o                760               104
    ----------------------------------------------
    Total:                12 346    9 892    1 347

command line: [2]
    ----------------------------------------------
    Total:

dl6M_tln.a: [3]
    exit.o                     8
    low_level_init.o           4
    snprintf.o                72
    xprintfsmall.o         1 320
    xsnprout.o                28
    ----------------------------------------------
    Total:                 1 432

rt6M_tl.a: [4]
    ABImemset.o               84
    I32DivModFast.o          224
    IntDivZer.o                2
    cexit.o                   10
    cmain.o                   26
    copy_init3.o              48
    cstartup_M.o              12
    data_init.o               40
    memchr.o                  24
    strchr.o                  20
    zero_init3.o              42
    ----------------------------------------------
    Total:                   532

shb_l.a: [5]
    exit.o                    20
    ----------------------------------------------
    Total:                    20

    Gaps                                         1
    Linker created                     38    2 048
--------------------------------------------------
    Grand Total:          14 330    9 930    3 396


*******************************************************************************
*** ENTRY LIST
***

Entry                      Address   Size  Type      Object
-----                      -------   ----  ----      ------
.iar.init_table$$Base   0x08005d78          --   Gb  - Linker created -
.iar.init_table$$Limit  0x08005d9c          --   Gb  - Linker created -
?main                   0x08005db9         Code  Gb  cmain.o [4]
AHBPrescTable           0x20000024   0x10  Data  Gb  system_stm32f0xx.o [1]
APBAHBPrescTable        0x20000048   0x10  Data  Lc  stm32f0xx_rcc.o [1]
BTN1_DEB_STATE          0x200004fe    0x1  Data  Gb  stm32f0xx_it.o [1]
BTN1_DELAY_FLAG         0x200004ff    0x1  Data  Gb  stm32f0xx_it.o [1]
BTN1_press_timer        0x2000050c    0x2  Data  Gb  stm32f0xx_it.o [1]
CSTACK$$Base            0x20000548          --   Gb  - Linker created -
CSTACK$$Limit           0x20000d48          --   Gb  - Linker created -
Config                  0x080049fd   0x28  Code  Gb  config.o [1]
Config_GPIO             0x08004a25   0xd2  Code  Gb  config.o [1]
Config_SPI2             0x08004c2b   0xbe  Code  Gb  config.o [1]
Config_TIM14            0x08004b6b   0x2c  Code  Gb  config.o [1]
Config_TIM15            0x08004b97   0x26  Code  Gb  config.o [1]
Config_TIM2_cyclic_int  0x08004af7   0x28  Code  Gb  config.o [1]
Config_TIM3             0x08004b1f   0x32  Code  Gb  config.o [1]
Config_UART1            0x08004bbd   0x6e  Code  Gb  config.o [1]
DMA1_Channel2_3_IRQHandler
                        0x08005295    0x2  Code  Gb  stm32f0xx_it.o [1]
Errors_Init             0x08005931   0x14  Code  Gb  errors.o [1]
FLAG_1000ms             0x200004fb    0x1  Data  Gb  stm32f0xx_it.o [1]
FLAG_250ms              0x200004f9    0x1  Data  Gb  stm32f0xx_it.o [1]
FLAG_500ms              0x200004fa    0x1  Data  Gb  stm32f0xx_it.o [1]
FLAG_50ms               0x200004f8    0x1  Data  Gb  stm32f0xx_it.o [1]
FLAG_BTN1_lock          0x2000050e    0x1  Data  Lc  main.o [1]
FLAG_UART_cmd_rcv       0x200004f6    0x1  Data  Gb  stm32f0xx_it.o [1]
GPIO_Init               0x08004d4d   0x6a  Code  Gb  stm32f0xx_gpio.o [1]
GPIO_PinAFConfig        0x08004db7   0x20  Code  Gb  stm32f0xx_gpio.o [1]
HardFault_Handler       0x080052bd    0x2  Code  Gb  stm32f0xx_it.o [1]
LoadInt                 0x0800426d   0x4c  Code  Lc  xprintfsmall.o [3]
NMI_Handler             0x080052bb    0x2  Code  Gb  stm32f0xx_it.o [1]
NVIC_Init               0x08004dd9   0x46  Code  Gb  stm32f0xx_misc.o [1]
PendSV_Handler          0x080052c1    0x2  Code  Gb  stm32f0xx_it.o [1]
RCC_AHBPeriphClockCmd   0x08003e29   0x14  Code  Gb  stm32f0xx_rcc.o [1]
RCC_APB1PeriphClockCmd  0x08003e51   0x14  Code  Gb  stm32f0xx_rcc.o [1]
RCC_APB1PeriphResetCmd  0x08003e79   0x14  Code  Gb  stm32f0xx_rcc.o [1]
RCC_APB2PeriphClockCmd  0x08003e3d   0x14  Code  Gb  stm32f0xx_rcc.o [1]
RCC_APB2PeriphResetCmd  0x08003e65   0x14  Code  Gb  stm32f0xx_rcc.o [1]
RCC_GetClocksFreq       0x08003d11  0x114  Code  Gb  stm32f0xx_rcc.o [1]
Region$$Table$$Base     0x08005d78          --   Gb  - Linker created -
Region$$Table$$Limit    0x08005d9c          --   Gb  - Linker created -
SPI_Cmd                 0x08004f6f   0x14  Code  Gb  stm32f0xx_spi.o [1]
SPI_I2S_DeInit          0x08004ef1   0x36  Code  Gb  stm32f0xx_spi.o [1]
SPI_Init                0x08004f27   0x48  Code  Gb  stm32f0xx_spi.o [1]
SVC_Handler             0x080052bf    0x2  Code  Gb  stm32f0xx_it.o [1]
Serial_PrintByte        0x08003319   0x94  Code  Gb  serial.o [1]
Serial_PrintNumber      0x080033d3   0x84  Code  Gb  serial.o [1]
Serial_PrintString      0x080033ad   0x26  Code  Gb  serial.o [1]
SysTick_Handler         0x080052c3    0x2  Code  Gb  stm32f0xx_it.o [1]
SystemCoreClock         0x20000034    0x4  Data  Gb  system_stm32f0xx.o [1]
SystemCoreClockUpdate   0x080058b3   0x4c  Code  Gb  system_stm32f0xx.o [1]
SystemInit              0x080057d9   0xda  Code  Gb  system_stm32f0xx.o [1]
TIM2_IRQHandler         0x08005297   0x24  Code  Gb  stm32f0xx_it.o [1]
TIM3_IRQHandler         0x080052c5  0x130  Code  Gb  stm32f0xx_it.o [1]
TIM_ClearITPendingBit   0x08004ee9    0x6  Code  Gb  stm32f0xx_tim.o [1]
TIM_Cmd                 0x08004e85   0x14  Code  Gb  stm32f0xx_tim.o [1]
TIM_GetITStatus         0x08004ed3   0x16  Code  Gb  stm32f0xx_tim.o [1]
TIM_ITConfig            0x08004ec1   0x12  Code  Gb  stm32f0xx_tim.o [1]
TIM_TimeBaseInit        0x08004e2d   0x58  Code  Gb  stm32f0xx_tim.o [1]
Timeout_istout1         0x20000068    0x1  Data  Gb  timeout.o [1]
Timeout_istout2         0x2000006e    0x1  Data  Gb  timeout.o [1]
Timeout_tout1           0x2000006c    0x2  Data  Gb  timeout.o [1]
Timeout_tout2           0x20000072    0x2  Data  Gb  timeout.o [1]
Timeout_toutcnt1        0x2000006a    0x2  Data  Gb  timeout.o [1]
Timeout_toutcnt2        0x20000070    0x2  Data  Gb  timeout.o [1]
UART_CMD                0x200004e0   0x14  Data  Gb  stm32f0xx_it.o [1]
UART_rcv_state          0x20000502    0x1  Data  Gb  stm32f0xx_it.o [1]
UARTdatachksum          0x200004f5    0x1  Data  Gb  stm32f0xx_it.o [1]
UARTrcvbuffidx          0x200004f4    0x1  Data  Gb  stm32f0xx_it.o [1]
UARTtimeoutcnt          0x20000501    0x1  Data  Gb  stm32f0xx_it.o [1]
USART1_IRQHandler       0x080053f5  0x12a  Code  Gb  stm32f0xx_it.o [1]
USART_ClearITPendingBit
                        0x08003bdd    0xa  Code  Gb  stm32f0xx_usart.o [1]
USART_Cmd               0x08003b25   0x16  Code  Gb  stm32f0xx_usart.o [1]
USART_DeInit            0x08003a41   0x52  Code  Gb  stm32f0xx_usart.o [1]
USART_GetFlagStatus     0x08003b97    0xe  Code  Gb  stm32f0xx_usart.o [1]
USART_GetITStatus       0x08003ba5   0x38  Code  Gb  stm32f0xx_usart.o [1]
USART_ITConfig          0x08003b6d   0x2a  Code  Gb  stm32f0xx_usart.o [1]
USART_Init              0x08003a93   0x92  Code  Gb  stm32f0xx_usart.o [1]
USART_ReceiveData       0x08003b43    0x8  Code  Gb  stm32f0xx_usart.o [1]
USART_SendData          0x08003b3b    0x8  Code  Gb  stm32f0xx_usart.o [1]
_LitobSmall             0x080042b9   0xf2  Code  Lc  xprintfsmall.o [3]
_PrintfSmall            0x08003eb9  0x3a6  Code  Gb  xprintfsmall.o [3]
_PutcharsSmall          0x080043b1   0x30  Code  Lc  xprintfsmall.o [3]
_SNProut                0x08005d9d   0x1c  Code  Gb  xsnprout.o [3]
__ICFEDIT_region_RAM_end__ {Abs}
                        0x20001fff          --   Gb  command line/config [2]
__ICFEDIT_region_RAM_start__ {Abs}
                        0x20000000          --   Gb  command line/config [2]
__aeabi_idiv            0x08003c13         Code  Gb  I32DivModFast.o [4]
__aeabi_idiv0           0x08003eb5         Code  Gb  IntDivZer.o [4]
__aeabi_idivmod         0x08003c13         Code  Gb  I32DivModFast.o [4]
__aeabi_memclr4         0x08002e01         Code  Gb  ABImemset.o [4]
__aeabi_memclr8         0x08002e01         Code  Gb  ABImemset.o [4]
__aeabi_memset          0x08002db1         Code  Gb  ABImemset.o [4]
__aeabi_uidiv           0x08003c19         Code  Gb  I32DivModFast.o [4]
__aeabi_uidivmod        0x08003c19         Code  Gb  I32DivModFast.o [4]
__cmain                 0x08005db9         Code  Gb  cmain.o [4]
__exit                  0x08005ded   0x14  Code  Gb  exit.o [5]
__iar_Memchr            0x080043f5   0x18  Code  Gb  memchr.o [4]
__iar_Memset4_word      0x08002dd1         Code  Gb  ABImemset.o [4]
__iar_Memset_word       0x08002dbd         Code  Gb  ABImemset.o [4]
__iar_Strchr            0x080043e1   0x14  Code  Gb  strchr.o [4]
__iar_copy_init3        0x08005d21   0x30  Code  Gb  copy_init3.o [4]
__iar_data_init3        0x08005d51   0x28  Code  Gb  data_init.o [4]
__iar_program_start     0x08005e1d         Code  Gb  cstartup_M.o [4]
__iar_zero_init3        0x08003487   0x2a  Code  Gb  zero_init3.o [4]
__low_level_init        0x08005dd3    0x4  Code  Gb  low_level_init.o [3]
__vector_table          0x08000000         Data  Gb  startup_stm32f0xx.o [1]
_call_main              0x08005dc5         Code  Gb  cmain.o [4]
_exit                   0x08005de1         Code  Gb  cexit.o [4]
_main                   0x08005dcf         Code  Gb  cmain.o [4]
arp_table               0x2000041c   0x60  Data  Gb  uip_arp.o [1]
arp_timer               0x20000520    0x8  Data  Gb  main.o [1]
arptime                 0x20000415    0x1  Data  Lc  uip_arp.o [1]
broadcast_ethaddr       0x0800528c    0x8  Data  Lc  uip_arp.o [1]
btn1_0_cnt              0x200004fc    0x1  Data  Gb  stm32f0xx_it.o [1]
btn1_1_cnt              0x200004fd    0x1  Data  Gb  stm32f0xx_it.o [1]
btn1_delay_cnt          0x20000500    0x1  Data  Gb  stm32f0xx_it.o [1]
buf_setup               0x080034b1    0x6  Code  Lc  psock.o [1]
c                       0x20000485    0x1  Data  Lc  uip.o [1]
calls                   0x20000038   0x10  Data  Lc  httpd-cgi.o [1]
chksum                  0x0800238b   0x36  Code  Lc  uip.o [1]
clock_time              0x08004d19    0x6  Code  Gb  config.o [1]
closed                  0x08005cbc    0x8  Data  Lc  httpd-cgi.o [1]
closing                 0x08005d00    0x8  Data  Lc  httpd-cgi.o [1]
cnt_flag_1000ms         0x2000050a    0x2  Data  Gb  stm32f0xx_it.o [1]
cnt_flag_250ms          0x20000506    0x2  Data  Gb  stm32f0xx_it.o [1]
cnt_flag_500ms          0x20000508    0x2  Data  Gb  stm32f0xx_it.o [1]
cnt_flag_50ms           0x20000504    0x2  Data  Gb  stm32f0xx_it.o [1]
count                   0x200004c8   0x18  Data  Lc  httpd-fs.o [1]
current_time_sec        0x20000538    0x4  Data  Gb  stm32f0xx_it.o [1]
data_404_html           0x080000c0   0xac  Data  Lc  httpd-fs.o [1]
data_acked              0x080034eb   0x3e  Code  Lc  psock.o [1]
data_fade_png           0x0800016c   0xd0  Data  Lc  httpd-fs.o [1]
data_files_shtml        0x0800023c  0x4e0  Data  Lc  httpd-fs.o [1]
data_footer_html        0x0800071c   0x20  Data  Lc  httpd-fs.o [1]
data_header_html        0x0800073c  0x284  Data  Lc  httpd-fs.o [1]
data_index_html         0x080009c0  0x378  Data  Lc  httpd-fs.o [1]
data_indexnew_html      0x08000d38   0x6c  Data  Lc  httpd-fs.o [1]
data_logo_png           0x08000da4  0xbcc  Data  Lc  httpd-fs.o [1]
data_processes_shtml    0x08001970   0xe4  Data  Lc  httpd-fs.o [1]
data_stats_shtml        0x08001a54  0x344  Data  Lc  httpd-fs.o [1]
data_style_css          0x08001d98  0x404  Data  Lc  httpd-fs.o [1]
data_tcp_shtml          0x0800219c   0xe0  Data  Lc  httpd-fs.o [1]
error_cnt               0x20000510    0x4  Data  Lc  errors.o [1]
error_state             0x20000514    0x4  Data  Lc  errors.o [1]
established             0x08005cdc    0xc  Data  Lc  httpd-cgi.o [1]
exit                    0x08005dd7    0x8  Code  Gb  exit.o [3]
file                    0x08005ca4    0x8  Data  Lc  httpd-cgi.o [1]
file_404_html           0x0800227c   0x10  Data  Gb  httpd-fs.o [1]
file_fade_png           0x0800228c   0x10  Data  Gb  httpd-fs.o [1]
file_files_shtml        0x0800229c   0x10  Data  Gb  httpd-fs.o [1]
file_footer_html        0x080022ac   0x10  Data  Gb  httpd-fs.o [1]
file_header_html        0x080022bc   0x10  Data  Gb  httpd-fs.o [1]
file_index_html         0x080022cc   0x10  Data  Gb  httpd-fs.o [1]
file_indexnew_html      0x080022dc   0x10  Data  Gb  httpd-fs.o [1]
file_logo_png           0x080022ec   0x10  Data  Gb  httpd-fs.o [1]
file_processes_shtml    0x080022fc   0x10  Data  Gb  httpd-fs.o [1]
file_stats              0x080037f3   0x34  Code  Lc  httpd-cgi.o [1]
file_stats_shtml        0x0800230c   0x10  Data  Gb  httpd-fs.o [1]
file_style_css          0x0800231c   0x10  Data  Gb  httpd-fs.o [1]
file_tcp_shtml          0x0800232c   0x10  Data  Gb  httpd-fs.o [1]
fin_wait_1              0x08005ce8    0xc  Data  Lc  httpd-cgi.o [1]
fin_wait_2              0x08005cf4    0xc  Data  Lc  httpd-cgi.o [1]
generate_file_stats     0x080037db   0x18  Code  Lc  httpd-cgi.o [1]
generate_part_of_file   0x08002e05   0x2a  Code  Lc  httpd.o [1]
generate_tcp_stats      0x08003829   0xa6  Code  Lc  httpd-cgi.o [1]
handle_connection       0x08003245   0x18  Code  Lc  httpd.o [1]
handle_input            0x08003177   0xc4  Code  Lc  httpd.o [1]
handle_output           0x080030b9   0xbe  Code  Lc  httpd.o [1]
handle_script           0x08002e73  0x10c  Code  Lc  httpd.o [1]
htons                   0x08002d83    0xa  Code  Gb  uip.o [1]
http_404_html           0x08005990    0xc  Data  Gb  http-strings.o [1]
http_content_type_binary
                        0x08005b08   0x2c  Data  Gb  http-strings.o [1]
http_content_type_css   0x08005a94   0x1c  Data  Gb  http-strings.o [1]
http_content_type_gif   0x08005acc   0x1c  Data  Gb  http-strings.o [1]
http_content_type_html  0x08005a78   0x1c  Data  Gb  http-strings.o [1]
http_content_type_jpg   0x08005ae8   0x20  Data  Gb  http-strings.o [1]
http_content_type_plain
                        0x08005a58   0x20  Data  Gb  http-strings.o [1]
http_content_type_png   0x08005ab0   0x1c  Data  Gb  http-strings.o [1]
http_css                0x08005b44    0x8  Data  Gb  http-strings.o [1]
http_get                0x0800597c    0x8  Data  Gb  http-strings.o [1]
http_gif                0x08005b54    0x8  Data  Gb  http-strings.o [1]
http_header_200         0x080059a8   0x54  Data  Gb  http-strings.o [1]
http_header_404         0x080059fc   0x5c  Data  Gb  http-strings.o [1]
http_html               0x08005b34    0x8  Data  Gb  http-strings.o [1]
http_index_html         0x08005984    0xc  Data  Gb  http-strings.o [1]
http_jpg                0x08005b5c    0x8  Data  Gb  http-strings.o [1]
http_png                0x08005b4c    0x8  Data  Gb  http-strings.o [1]
http_referer            0x0800599c    0xc  Data  Gb  http-strings.o [1]
http_shtml              0x08005b3c    0x8  Data  Gb  http-strings.o [1]
httpd_appcall           0x0800325d   0x62  Code  Gb  httpd.o [1]
httpd_cgi               0x080037ab   0x30  Code  Gb  httpd-cgi.o [1]
httpd_fs_count          0x08003775   0x2c  Code  Gb  httpd-fs.o [1]
httpd_fs_open           0x08003737   0x3e  Code  Gb  httpd-fs.o [1]
httpd_fs_strcmp         0x08003711   0x26  Code  Lc  httpd-fs.o [1]
httpd_init              0x0800330d    0xc  Code  Gb  httpd.o [1]
i                       0x20000414    0x1  Data  Lc  uip_arp.o [1]
ipaddr                  0x20000530    0x4  Data  Gb  main.o [1]
ipaddr                  0x20000418    0x4  Data  Lc  uip_arp.o [1]
ipid                    0x20000490    0x2  Data  Lc  uip.o [1]
iss                     0x2000047c    0x4  Data  Lc  uip.o [1]
last_ack                0x08005d14    0xc  Data  Lc  httpd-cgi.o [1]
lastport                0x20000492    0x2  Data  Lc  uip.o [1]
macaddr                 0x20000058    0x8  Data  Gb  main.o [1]
macphy_clearbit         0x080045b5    0xe  Code  Gb  macphy.o [1]
macphy_eth_readreg      0x080045e7    0xe  Code  Gb  macphy.o [1]
macphy_init             0x0800440d  0x158  Code  Gb  macphy.o [1]
macphy_pktcnt           0x08004595   0x10  Code  Gb  macphy.o [1]
macphy_readpkt          0x08004661  0x144  Code  Gb  macphy.o [1]
macphy_reset            0x0800460b   0x16  Code  Gb  macphy.o [1]
macphy_sendpkt          0x080047a5  0x11a  Code  Gb  macphy.o [1]
macphy_setbank          0x08004621   0x3e  Code  Gb  macphy.o [1]
macphy_setbit           0x080045a5   0x10  Code  Gb  macphy.o [1]
macphy_startrx          0x08004589    0xc  Code  Gb  macphy.o [1]
macphy_writereg         0x080045d7   0x10  Code  Gb  macphy.o [1]
main                    0x0800555d  0x27c  Code  Gb  main.o [1]
memcpy                  0x0800346f   0x18  Code  Gb  mem.o [1]
memset                  0x0800345d   0x12  Code  Gb  mem.o [1]
net                     0x08005cb4    0x8  Data  Lc  httpd-cgi.o [1]
net_stats               0x0800393d    0x2  Code  Lc  httpd-cgi.o [1]
nullfunction            0x080037a9    0x2  Code  Lc  httpd-cgi.o [1]
periodic_timer          0x20000518    0x8  Data  Gb  main.o [1]
pkt_buf                 0x20000078  0x1fc  Data  Gb  macphy.o [1]
psock_datalen           0x080035db    0xa  Code  Gb  psock.o [1]
psock_generator_send    0x08003575   0x66  Code  Gb  psock.o [1]
psock_init              0x080036f1   0x1e  Code  Gb  psock.o [1]
psock_newdata           0x080035e5   0x26  Code  Gb  psock.o [1]
psock_readto            0x0800360b   0xd6  Code  Gb  psock.o [1]
psock_send              0x08003529   0x4c  Code  Gb  psock.o [1]
ptr_BUF_type            0x20000534    0x4  Data  Gb  main.o [1]
rev_ID                  0x200004f7    0x1  Data  Gb  macphy.o [1]
send_data               0x080034b7   0x34  Code  Lc  psock.o [1]
send_file               0x08002e2f   0x44  Code  Lc  httpd.o [1]
send_headers            0x08002f7f  0x12c  Code  Lc  httpd.o [1]
snprintf                0x08003cc9   0x48  Code  Gb  snprintf.o [3]
spi_ss                  0x08004d07   0x12  Code  Gb  config.o [1]
spi_txrx                0x08004cf9    0xe  Code  Gb  config.o [1]
states                  0x20000000   0x24  Data  Lc  httpd-cgi.o [1]
strchr                  0x080039e3   0x18  Code  Gb  string.o [1]
strcpy                  0x08003a2b   0x16  Code  Gb  string.o [1]
strlen                  0x080039a9   0x16  Code  Gb  string.o [1]
strncmp                 0x080039bf   0x24  Code  Gb  string.o [1]
strncpy                 0x080039fb   0x1c  Code  Gb  string.o [1]
strrchr                 0x08003a17   0x14  Code  Gb  string.o [1]
syn_rcvd                0x08005cc4    0xc  Data  Lc  httpd-cgi.o [1]
syn_sent                0x08005cd0    0xc  Data  Lc  httpd-cgi.o [1]
tcp                     0x08005cac    0x8  Data  Lc  httpd-cgi.o [1]
tcp_stats               0x080038cf   0x4c  Code  Lc  httpd-cgi.o [1]
time_wait               0x08005d08    0xc  Data  Lc  httpd-cgi.o [1]
timer_expired           0x08005963   0x18  Code  Gb  timer.o [1]
timer_reset             0x08005951    0xa  Code  Gb  timer.o [1]
timer_set               0x08005949    0x8  Code  Gb  timer.o [1]
uip_acc32               0x20000480    0x4  Data  Gb  uip.o [1]
uip_add32               0x0800233d   0x4e  Code  Gb  uip.o [1]
uip_add_rcv_nxt         0x0800245b   0x28  Code  Lc  uip.o [1]
uip_appdata             0x200004bc    0x4  Data  Gb  uip.o [1]
uip_arp_arpin           0x080050a9   0xb8  Code  Gb  uip_arp.o [1]
uip_arp_init            0x08004f9d   0x28  Code  Gb  uip_arp.o [1]
uip_arp_out             0x08005161  0x106  Code  Gb  uip_arp.o [1]
uip_arp_timer           0x08004fc5   0x40  Code  Gb  uip_arp.o [1]
uip_arp_update          0x08005005   0xa4  Code  Lc  uip_arp.o [1]
uip_buf                 0x20000074    0x4  Data  Gb  macphy.o [1]
uip_conn                0x200004c4    0x4  Data  Gb  uip.o [1]
uip_conns               0x20000274  0x1a0  Data  Gb  uip.o [1]
uip_draddr              0x2000053c    0x4  Data  Gb  uip.o [1]
uip_ethaddr             0x20000528    0x8  Data  Gb  uip.o [1]
uip_flags               0x20000484    0x1  Data  Gb  uip.o [1]
uip_hostaddr            0x20000488    0x4  Data  Gb  uip.o [1]
uip_init                0x08002415   0x22  Code  Gb  uip.o [1]
uip_ipchksum            0x080023c1   0x1e  Code  Gb  uip.o [1]
uip_len                 0x2000048c    0x2  Data  Gb  uip.o [1]
uip_listen              0x08002437   0x24  Code  Gb  uip.o [1]
uip_listenports         0x20000494   0x28  Data  Gb  uip.o [1]
uip_netmask             0x20000540    0x4  Data  Gb  uip.o [1]
uip_process             0x08002495  0x8ee  Code  Gb  uip.o [1]
uip_sappdata            0x200004c0    0x4  Data  Gb  uip.o [1]
uip_send                0x08002d8d   0x20  Code  Gb  uip.o [1]
uip_slen                0x2000048e    0x2  Data  Gb  uip.o [1]
uip_tcpchksum           0x080023df   0x36  Code  Gb  uip.o [1]
uipmacaddr              0x20000060    0x8  Data  Gb  main.o [1]


[1] = D:\_WORK\GitHub\uIP_ENC28J60\IAR_EW6.7\EWARM\TIM_TimeBase\Obj
[2] = command line
[3] = dl6M_tln.a
[4] = rt6M_tl.a
[5] = shb_l.a

  14 330 bytes of readonly  code memory
   9 930 bytes of readonly  data memory
   3 396 bytes of readwrite data memory

Errors: none
Warnings: none
